18:18:33 **** Build of project client_proj_bsp ****
make -k all 
"Running Make include in microblaze_0/libsrc/bram_v4_2/src"
make -C microblaze_0/libsrc/bram_v4_2/src -s include  "SHELL=CMD" "COMPILER=mb-gcc" "ARCHIVER=mb-ar" "COMPILER_FLAGS=  -O2 -c -mcpu=v11.0 -mlittle-endian -mxl-soft-mul" "EXTRA_COMPILER_FLAGS=-ffunction-sections -fdata-sections -Wall -Wextra"
"Running Make include in microblaze_0/libsrc/cpu_v2_8/src"
make -C microblaze_0/libsrc/cpu_v2_8/src -s include  "SHELL=CMD" "COMPILER=mb-gcc" "ARCHIVER=mb-ar" "COMPILER_FLAGS=  -O2 -c -mcpu=v11.0 -mlittle-endian -mxl-soft-mul" "EXTRA_COMPILER_FLAGS=-ffunction-sections -fdata-sections -Wall -Wextra"
"Running Make include in microblaze_0/libsrc/emaclite_v4_3/src"
make -C microblaze_0/libsrc/emaclite_v4_3/src -s include  "SHELL=CMD" "COMPILER=mb-gcc" "ARCHIVER=mb-ar" "COMPILER_FLAGS=  -O2 -c -mcpu=v11.0 -mlittle-endian -mxl-soft-mul" "EXTRA_COMPILER_FLAGS=-ffunction-sections -fdata-sections -Wall -Wextra"
"Running Make include in microblaze_0/libsrc/intc_v3_8/src"
make -C microblaze_0/libsrc/intc_v3_8/src -s include  "SHELL=CMD" "COMPILER=mb-gcc" "ARCHIVER=mb-ar" "COMPILER_FLAGS=  -O2 -c -mcpu=v11.0 -mlittle-endian -mxl-soft-mul" "EXTRA_COMPILER_FLAGS=-ffunction-sections -fdata-sections -Wall -Wextra"
"Running Make include in microblaze_0/libsrc/lwip202_v1_2/src"
make -C microblaze_0/libsrc/lwip202_v1_2/src -s include  "SHELL=CMD" "COMPILER=mb-gcc" "ARCHIVER=mb-ar" "COMPILER_FLAGS=  -O2 -c -mcpu=v11.0 -mlittle-endian -mxl-soft-mul" "EXTRA_COMPILER_FLAGS=-ffunction-sections -fdata-sections -Wall -Wextra"
"Running Make include in microblaze_0/libsrc/standalone_v6_8/src"
make -C microblaze_0/libsrc/standalone_v6_8/src -s include  "SHELL=CMD" "COMPILER=mb-gcc" "ARCHIVER=mb-ar" "COMPILER_FLAGS=  -O2 -c -mcpu=v11.0 -mlittle-endian -mxl-soft-mul" "EXTRA_COMPILER_FLAGS=-ffunction-sections -fdata-sections -Wall -Wextra"
"Running Make include in microblaze_0/libsrc/tmrctr_v4_5/src"
make -C microblaze_0/libsrc/tmrctr_v4_5/src -s include  "SHELL=CMD" "COMPILER=mb-gcc" "ARCHIVER=mb-ar" "COMPILER_FLAGS=  -O2 -c -mcpu=v11.0 -mlittle-endian -mxl-soft-mul" "EXTRA_COMPILER_FLAGS=-ffunction-sections -fdata-sections -Wall -Wextra"
"Running Make include in microblaze_0/libsrc/uartlite_v3_2/src"
make -C microblaze_0/libsrc/uartlite_v3_2/src -s include  "SHELL=CMD" "COMPILER=mb-gcc" "ARCHIVER=mb-ar" "COMPILER_FLAGS=  -O2 -c -mcpu=v11.0 -mlittle-endian -mxl-soft-mul" "EXTRA_COMPILER_FLAGS=-ffunction-sections -fdata-sections -Wall -Wextra"
"Running Make libs in microblaze_0/libsrc/bram_v4_2/src"
make -C microblaze_0/libsrc/bram_v4_2/src -s libs  "SHELL=CMD" "COMPILER=mb-gcc" "ARCHIVER=mb-ar" "COMPILER_FLAGS=  -O2 -c -mcpu=v11.0 -mlittle-endian -mxl-soft-mul" "EXTRA_COMPILER_FLAGS=-ffunction-sections -fdata-sections -Wall -Wextra"
"Compiling bram"
mb-ar: creating ../../../lib/libxil.a
"Running Make libs in microblaze_0/libsrc/cpu_v2_8/src"
make -C microblaze_0/libsrc/cpu_v2_8/src -s libs  "SHELL=CMD" "COMPILER=mb-gcc" "ARCHIVER=mb-ar" "COMPILER_FLAGS=  -O2 -c -mcpu=v11.0 -mlittle-endian -mxl-soft-mul" "EXTRA_COMPILER_FLAGS=-ffunction-sections -fdata-sections -Wall -Wextra"
"Compiling cpu"
"Running Make libs in microblaze_0/libsrc/emaclite_v4_3/src"
make -C microblaze_0/libsrc/emaclite_v4_3/src -s libs  "SHELL=CMD" "COMPILER=mb-gcc" "ARCHIVER=mb-ar" "COMPILER_FLAGS=  -O2 -c -mcpu=v11.0 -mlittle-endian -mxl-soft-mul" "EXTRA_COMPILER_FLAGS=-ffunction-sections -fdata-sections -Wall -Wextra"
"Compiling emaclite"
"Running Make libs in microblaze_0/libsrc/intc_v3_8/src"
make -C microblaze_0/libsrc/intc_v3_8/src -s libs  "SHELL=CMD" "COMPILER=mb-gcc" "ARCHIVER=mb-ar" "COMPILER_FLAGS=  -O2 -c -mcpu=v11.0 -mlittle-endian -mxl-soft-mul" "EXTRA_COMPILER_FLAGS=-ffunction-sections -fdata-sections -Wall -Wextra"
"Compiling intc"
"Running Make libs in microblaze_0/libsrc/lwip202_v1_2/src"
make -C microblaze_0/libsrc/lwip202_v1_2/src -s libs  "SHELL=CMD" "COMPILER=mb-gcc" "ARCHIVER=mb-ar" "COMPILER_FLAGS=  -O2 -c -mcpu=v11.0 -mlittle-endian -mxl-soft-mul" "EXTRA_COMPILER_FLAGS=-ffunction-sections -fdata-sections -Wall -Wextra"
"Compiling lwip src and adapter files"
contrib/ports/xilinx/netif/xadapter.c: In function 'eth_link_detect':
contrib/ports/xilinx/netif/xadapter.c:364:8: warning: unused variable 'link_speed' [-Wunused-variable]
  u32_t link_speed, phy_link_status;
        ^~~~~~~~~~
contrib/ports/xilinx/netif/xemacliteif.c: In function 'configure_IEEE_phy_speed_emaclite':
contrib/ports/xilinx/netif/xemacliteif.c:770:6: warning: unused variable 'phylinkspeed' [-Wunused-variable]
  u16 phylinkspeed;
      ^~~~~~~~~~~~
contrib/ports/xilinx/netif/xemacliteif.c:769:6: warning: unused variable 'status' [-Wunused-variable]
  u16 status;
      ^~~~~~
contrib/ports/xilinx/netif/xemacliteif.c: In function 'xemacliteif_init':
contrib/ports/xilinx/netif/xemacliteif.c:843:16: warning: assignment from incompatible pointer type [-Wincompatible-pointer-types]
  netif->output = xemacliteif_output;
                ^
"Running Make libs in microblaze_0/libsrc/standalone_v6_8/src"
make -C microblaze_0/libsrc/standalone_v6_8/src -s libs  "SHELL=CMD" "COMPILER=mb-gcc" "ARCHIVER=mb-ar" "COMPILER_FLAGS=  -O2 -c -mcpu=v11.0 -mlittle-endian -mxl-soft-mul" "EXTRA_COMPILER_FLAGS=-ffunction-sections -fdata-sections -Wall -Wextra"
"Compiling standalone";
microblaze_sleep.c:77:9: note: #pragma message: For the sleep routines, assembly instructions are used
 #pragma message ("For the sleep routines, assembly instructions are used")
         ^~~~~~~
"Running Make libs in microblaze_0/libsrc/tmrctr_v4_5/src"
make -C microblaze_0/libsrc/tmrctr_v4_5/src -s libs  "SHELL=CMD" "COMPILER=mb-gcc" "ARCHIVER=mb-ar" "COMPILER_FLAGS=  -O2 -c -mcpu=v11.0 -mlittle-endian -mxl-soft-mul" "EXTRA_COMPILER_FLAGS=-ffunction-sections -fdata-sections -Wall -Wextra"
"Compiling tmrctr"
"Running Make libs in microblaze_0/libsrc/uartlite_v3_2/src"
make -C microblaze_0/libsrc/uartlite_v3_2/src -s libs  "SHELL=CMD" "COMPILER=mb-gcc" "ARCHIVER=mb-ar" "COMPILER_FLAGS=  -O2 -c -mcpu=v11.0 -mlittle-endian -mxl-soft-mul" "EXTRA_COMPILER_FLAGS=-ffunction-sections -fdata-sections -Wall -Wextra"
"Compiling uartlite"
'Finished building libraries'
18:19:04 **** Build of configuration Debug for project client_proj ****
make all 
'Building file: ../src/echo.c'
'Invoking: MicroBlaze gcc compiler'
mb-gcc -Wall -O0 -g3 -c -fmessage-length=0 -MT"src/echo.o" -I../../client_proj_bsp/microblaze_0/include -mlittle-endian -mcpu=v11.0 -mxl-soft-mul -Wl,--no-relax -ffunction-sections -fdata-sections -MMD -MP -MF"src/echo.d" -MT"src/echo.o" -o "src/echo.o" "../src/echo.c"
'Finished building: ../src/echo.c'
' '
'Building file: ../src/i2c_access.c'
'Invoking: MicroBlaze gcc compiler'
mb-gcc -Wall -O0 -g3 -c -fmessage-length=0 -MT"src/i2c_access.o" -I../../client_proj_bsp/microblaze_0/include -mlittle-endian -mcpu=v11.0 -mxl-soft-mul -Wl,--no-relax -ffunction-sections -fdata-sections -MMD -MP -MF"src/i2c_access.d" -MT"src/i2c_access.o" -o "src/i2c_access.o" "../src/i2c_access.c"
'Finished building: ../src/i2c_access.c'
' '
'Building file: ../src/iic_phyreset.c'
'Invoking: MicroBlaze gcc compiler'
mb-gcc -Wall -O0 -g3 -c -fmessage-length=0 -MT"src/iic_phyreset.o" -I../../client_proj_bsp/microblaze_0/include -mlittle-endian -mcpu=v11.0 -mxl-soft-mul -Wl,--no-relax -ffunction-sections -fdata-sections -MMD -MP -MF"src/iic_phyreset.d" -MT"src/iic_phyreset.o" -o "src/iic_phyreset.o" "../src/iic_phyreset.c"
'Finished building: ../src/iic_phyreset.c'
' '
'Building file: ../src/main.c'
'Invoking: MicroBlaze gcc compiler'
mb-gcc -Wall -O0 -g3 -c -fmessage-length=0 -MT"src/main.o" -I../../client_proj_bsp/microblaze_0/include -mlittle-endian -mcpu=v11.0 -mxl-soft-mul -Wl,--no-relax -ffunction-sections -fdata-sections -MMD -MP -MF"src/main.d" -MT"src/main.o" -o "src/main.o" "../src/main.c"
'Finished building: ../src/main.c'
' '
'Building file: ../src/platform.c'
'Invoking: MicroBlaze gcc compiler'
mb-gcc -Wall -O0 -g3 -c -fmessage-length=0 -MT"src/platform.o" -I../../client_proj_bsp/microblaze_0/include -mlittle-endian -mcpu=v11.0 -mxl-soft-mul -Wl,--no-relax -ffunction-sections -fdata-sections -MMD -MP -MF"src/platform.d" -MT"src/platform.o" -o "src/platform.o" "../src/platform.c"
'Finished building: ../src/platform.c'
' '
'Building file: ../src/platform_mb.c'
'Invoking: MicroBlaze gcc compiler'
mb-gcc -Wall -O0 -g3 -c -fmessage-length=0 -MT"src/platform_mb.o" -I../../client_proj_bsp/microblaze_0/include -mlittle-endian -mcpu=v11.0 -mxl-soft-mul -Wl,--no-relax -ffunction-sections -fdata-sections -MMD -MP -MF"src/platform_mb.d" -MT"src/platform_mb.o" -o "src/platform_mb.o" "../src/platform_mb.c"
'Finished building: ../src/platform_mb.c'
' '
'Building file: ../src/platform_ppc.c'
'Invoking: MicroBlaze gcc compiler'
mb-gcc -Wall -O0 -g3 -c -fmessage-length=0 -MT"src/platform_ppc.o" -I../../client_proj_bsp/microblaze_0/include -mlittle-endian -mcpu=v11.0 -mxl-soft-mul -Wl,--no-relax -ffunction-sections -fdata-sections -MMD -MP -MF"src/platform_ppc.d" -MT"src/platform_ppc.o" -o "src/platform_ppc.o" "../src/platform_ppc.c"
'Finished building: ../src/platform_ppc.c'
' '
'Building file: ../src/platform_zynq.c'
'Invoking: MicroBlaze gcc compiler'
mb-gcc -Wall -O0 -g3 -c -fmessage-length=0 -MT"src/platform_zynq.o" -I../../client_proj_bsp/microblaze_0/include -mlittle-endian -mcpu=v11.0 -mxl-soft-mul -Wl,--no-relax -ffunction-sections -fdata-sections -MMD -MP -MF"src/platform_zynq.d" -MT"src/platform_zynq.o" -o "src/platform_zynq.o" "../src/platform_zynq.c"
'Finished building: ../src/platform_zynq.c'
' '
'Building file: ../src/platform_zynqmp.c'
'Invoking: MicroBlaze gcc compiler'
mb-gcc -Wall -O0 -g3 -c -fmessage-length=0 -MT"src/platform_zynqmp.o" -I../../client_proj_bsp/microblaze_0/include -mlittle-endian -mcpu=v11.0 -mxl-soft-mul -Wl,--no-relax -ffunction-sections -fdata-sections -MMD -MP -MF"src/platform_zynqmp.d" -MT"src/platform_zynqmp.o" -o "src/platform_zynqmp.o" "../src/platform_zynqmp.c"
'Finished building: ../src/platform_zynqmp.c'
' '
'Building file: ../src/sfp.c'
'Invoking: MicroBlaze gcc compiler'
mb-gcc -Wall -O0 -g3 -c -fmessage-length=0 -MT"src/sfp.o" -I../../client_proj_bsp/microblaze_0/include -mlittle-endian -mcpu=v11.0 -mxl-soft-mul -Wl,--no-relax -ffunction-sections -fdata-sections -MMD -MP -MF"src/sfp.d" -MT"src/sfp.o" -o "src/sfp.o" "../src/sfp.c"
'Finished building: ../src/sfp.c'
' '
'Building file: ../src/si5324.c'
'Invoking: MicroBlaze gcc compiler'
mb-gcc -Wall -O0 -g3 -c -fmessage-length=0 -MT"src/si5324.o" -I../../client_proj_bsp/microblaze_0/include -mlittle-endian -mcpu=v11.0 -mxl-soft-mul -Wl,--no-relax -ffunction-sections -fdata-sections -MMD -MP -MF"src/si5324.d" -MT"src/si5324.o" -o "src/si5324.o" "../src/si5324.c"
'Finished building: ../src/si5324.c'
' '
'Building target: client_proj.elf'
'Invoking: MicroBlaze gcc linker'
mb-gcc -Wl,-T -Wl,../src/lscript.ld -L../../client_proj_bsp/microblaze_0/lib -mlittle-endian -mcpu=v11.0 -mxl-soft-mul -Wl,--no-relax -Wl,--gc-sections -o "client_proj.elf"  ./src/echo.o ./src/i2c_access.o ./src/iic_phyreset.o ./src/main.o ./src/platform.o ./src/platform_mb.o ./src/platform_ppc.o ./src/platform_zynq.o ./src/platform_zynqmp.o ./src/sfp.o ./src/si5324.o   -Wl,--start-group,-lxil,-lgcc,-lc,--end-group -Wl,--start-group,-lxil,-llwip4,-lgcc,-lc,--end-group
'Finished building target: client_proj.elf'
' '
'Invoking: MicroBlaze Print Size'
mb-size client_proj.elf  |tee "client_proj.elf.size"
   text	   data	    bss	    dec	    hex	filename
 108668	   1432	3962324	4072424	 3e23e8	client_proj.elf
'Finished building: client_proj.elf.size'
' '
18:19:19 **** Clean-only build of configuration Debug for project client_proj ****
make clean 
rm -rf  ./src/echo.o ./src/i2c_access.o ./src/iic_phyreset.o ./src/main.o ./src/platform.o ./src/platform_mb.o ./src/platform_ppc.o ./src/platform_zynq.o ./src/platform_zynqmp.o ./src/sfp.o ./src/si5324.o  ./src/echo.d ./src/i2c_access.d ./src/iic_phyreset.d ./src/main.d ./src/platform.d ./src/platform_mb.d ./src/platform_ppc.d ./src/platform_zynq.d ./src/platform_zynqmp.d ./src/sfp.d ./src/si5324.d  client_proj.elf.size  client_proj.elf
' '
18:19:19 **** Auto Build of configuration Debug for project client_proj ****
make all 
'Building file: ../src/i2c_access.c'
'Invoking: MicroBlaze gcc compiler'
mb-gcc -Wall -O0 -g3 -c -fmessage-length=0 -MT"src/i2c_access.o" -I../../client_proj_bsp/microblaze_0/include -mlittle-endian -mcpu=v11.0 -mxl-soft-mul -Wl,--no-relax -ffunction-sections -fdata-sections -MMD -MP -MF"src/i2c_access.d" -MT"src/i2c_access.o" -o "src/i2c_access.o" "../src/i2c_access.c"
'Finished building: ../src/i2c_access.c'
' '
'Building file: ../src/iic_phyreset.c'
'Invoking: MicroBlaze gcc compiler'
mb-gcc -Wall -O0 -g3 -c -fmessage-length=0 -MT"src/iic_phyreset.o" -I../../client_proj_bsp/microblaze_0/include -mlittle-endian -mcpu=v11.0 -mxl-soft-mul -Wl,--no-relax -ffunction-sections -fdata-sections -MMD -MP -MF"src/iic_phyreset.d" -MT"src/iic_phyreset.o" -o "src/iic_phyreset.o" "../src/iic_phyreset.c"
'Finished building: ../src/iic_phyreset.c'
' '
'Building file: ../src/main.c'
'Invoking: MicroBlaze gcc compiler'
mb-gcc -Wall -O0 -g3 -c -fmessage-length=0 -MT"src/main.o" -I../../client_proj_bsp/microblaze_0/include -mlittle-endian -mcpu=v11.0 -mxl-soft-mul -Wl,--no-relax -ffunction-sections -fdata-sections -MMD -MP -MF"src/main.d" -MT"src/main.o" -o "src/main.o" "../src/main.c"
'Finished building: ../src/main.c'
' '
'Building file: ../src/platform.c'
'Invoking: MicroBlaze gcc compiler'
mb-gcc -Wall -O0 -g3 -c -fmessage-length=0 -MT"src/platform.o" -I../../client_proj_bsp/microblaze_0/include -mlittle-endian -mcpu=v11.0 -mxl-soft-mul -Wl,--no-relax -ffunction-sections -fdata-sections -MMD -MP -MF"src/platform.d" -MT"src/platform.o" -o "src/platform.o" "../src/platform.c"
'Finished building: ../src/platform.c'
' '
'Building file: ../src/platform_mb.c'
'Invoking: MicroBlaze gcc compiler'
mb-gcc -Wall -O0 -g3 -c -fmessage-length=0 -MT"src/platform_mb.o" -I../../client_proj_bsp/microblaze_0/include -mlittle-endian -mcpu=v11.0 -mxl-soft-mul -Wl,--no-relax -ffunction-sections -fdata-sections -MMD -MP -MF"src/platform_mb.d" -MT"src/platform_mb.o" -o "src/platform_mb.o" "../src/platform_mb.c"
'Finished building: ../src/platform_mb.c'
' '
'Building file: ../src/platform_ppc.c'
'Invoking: MicroBlaze gcc compiler'
mb-gcc -Wall -O0 -g3 -c -fmessage-length=0 -MT"src/platform_ppc.o" -I../../client_proj_bsp/microblaze_0/include -mlittle-endian -mcpu=v11.0 -mxl-soft-mul -Wl,--no-relax -ffunction-sections -fdata-sections -MMD -MP -MF"src/platform_ppc.d" -MT"src/platform_ppc.o" -o "src/platform_ppc.o" "../src/platform_ppc.c"
'Finished building: ../src/platform_ppc.c'
' '
'Building file: ../src/platform_zynq.c'
'Invoking: MicroBlaze gcc compiler'
mb-gcc -Wall -O0 -g3 -c -fmessage-length=0 -MT"src/platform_zynq.o" -I../../client_proj_bsp/microblaze_0/include -mlittle-endian -mcpu=v11.0 -mxl-soft-mul -Wl,--no-relax -ffunction-sections -fdata-sections -MMD -MP -MF"src/platform_zynq.d" -MT"src/platform_zynq.o" -o "src/platform_zynq.o" "../src/platform_zynq.c"
'Finished building: ../src/platform_zynq.c'
' '
'Building file: ../src/platform_zynqmp.c'
'Invoking: MicroBlaze gcc compiler'
mb-gcc -Wall -O0 -g3 -c -fmessage-length=0 -MT"src/platform_zynqmp.o" -I../../client_proj_bsp/microblaze_0/include -mlittle-endian -mcpu=v11.0 -mxl-soft-mul -Wl,--no-relax -ffunction-sections -fdata-sections -MMD -MP -MF"src/platform_zynqmp.d" -MT"src/platform_zynqmp.o" -o "src/platform_zynqmp.o" "../src/platform_zynqmp.c"
'Finished building: ../src/platform_zynqmp.c'
' '
'Building file: ../src/sfp.c'
'Invoking: MicroBlaze gcc compiler'
mb-gcc -Wall -O0 -g3 -c -fmessage-length=0 -MT"src/sfp.o" -I../../client_proj_bsp/microblaze_0/include -mlittle-endian -mcpu=v11.0 -mxl-soft-mul -Wl,--no-relax -ffunction-sections -fdata-sections -MMD -MP -MF"src/sfp.d" -MT"src/sfp.o" -o "src/sfp.o" "../src/sfp.c"
'Finished building: ../src/sfp.c'
' '
'Building file: ../src/si5324.c'
'Invoking: MicroBlaze gcc compiler'
mb-gcc -Wall -O0 -g3 -c -fmessage-length=0 -MT"src/si5324.o" -I../../client_proj_bsp/microblaze_0/include -mlittle-endian -mcpu=v11.0 -mxl-soft-mul -Wl,--no-relax -ffunction-sections -fdata-sections -MMD -MP -MF"src/si5324.d" -MT"src/si5324.o" -o "src/si5324.o" "../src/si5324.c"
'Finished building: ../src/si5324.c'
' '
'Building target: client_proj.elf'
'Invoking: MicroBlaze gcc linker'
mb-gcc -Wl,-T -Wl,../src/lscript.ld -L../../client_proj_bsp/microblaze_0/lib -mlittle-endian -mcpu=v11.0 -mxl-soft-mul -Wl,--no-relax -Wl,--gc-sections -o "client_proj.elf"  ./src/i2c_access.o ./src/iic_phyreset.o ./src/main.o ./src/platform.o ./src/platform_mb.o ./src/platform_ppc.o ./src/platform_zynq.o ./src/platform_zynqmp.o ./src/sfp.o ./src/si5324.o   -Wl,--start-group,-lxil,-lgcc,-lc,--end-group -Wl,--start-group,-lxil,-llwip4,-lgcc,-lc,--end-group
./src/main.o: In function `main':
C:\Users\kimyou94\Feb_22_proj\client_proj\client_proj.sdk\client_proj\Debug/../src/main.c:161: undefined reference to `print_app_header'
C:\Users\kimyou94\Feb_22_proj\client_proj\client_proj.sdk\client_proj\Debug/../src/main.c:227: undefined reference to `start_application'
C:\Users\kimyou94\Feb_22_proj\client_proj\client_proj.sdk\client_proj\Debug/../src/main.c:240: undefined reference to `transfer_data'
collect2.exe: error: ld returned 1 exit status
make: *** [makefile:38: client_proj.elf] Error 1
18:20:11 **** Auto Build of configuration Debug for project client_proj ****
make all 
'Building file: ../src/main.c'
'Invoking: MicroBlaze gcc compiler'
mb-gcc -Wall -O0 -g3 -c -fmessage-length=0 -MT"src/main.o" -I../../client_proj_bsp/microblaze_0/include -mlittle-endian -mcpu=v11.0 -mxl-soft-mul -Wl,--no-relax -ffunction-sections -fdata-sections -MMD -MP -MF"src/main.d" -MT"src/main.o" -o "src/main.o" "../src/main.c"
../src/main.c: In function 'main':
../src/main.c:261:23: warning: multi-character character constant [-Wmultichar]
      *(hash_base+3) = 'Good';
                       ^~~~~~
../src/main.c:262:23: warning: multi-character character constant [-Wmultichar]
      *(hash_base+4) = ' tim';
                       ^~~~~~
../src/main.c:263:23: warning: multi-character character constant [-Wmultichar]
      *(hash_base+5) = 'e\0\0\0';
                       ^~~~~~~~~
../src/main.c:336:2: warning: "/*" within comment [-Wcomment]
  /* Create a new DHCP client for this interface.
   
../src/main.c:239:16: warning: unused variable 'mac_ethernet_address' [-Wunused-variable]
  unsigned char mac_ethernet_address[] = SRC_MAC_ADDR;
                ^~~~~~~~~~~~~~~~~~~~
../src/main.c:235:29: warning: unused variable 'gw' [-Wunused-variable]
  ip_addr_t ipaddr, netmask, gw;
                             ^~
../src/main.c:235:20: warning: unused variable 'netmask' [-Wunused-variable]
  ip_addr_t ipaddr, netmask, gw;
                    ^~~~~~~
../src/main.c:235:12: warning: unused variable 'ipaddr' [-Wunused-variable]
  ip_addr_t ipaddr, netmask, gw;
            ^~~~~~
'Finished building: ../src/main.c'
' '
'Building target: client_proj.elf'
'Invoking: MicroBlaze gcc linker'
mb-gcc -Wl,-T -Wl,../src/lscript.ld -L../../client_proj_bsp/microblaze_0/lib -mlittle-endian -mcpu=v11.0 -mxl-soft-mul -Wl,--no-relax -Wl,--gc-sections -o "client_proj.elf"  ./src/i2c_access.o ./src/iic_phyreset.o ./src/main.o ./src/platform.o ./src/platform_mb.o ./src/platform_ppc.o ./src/platform_zynq.o ./src/platform_zynqmp.o ./src/sfp.o ./src/si5324.o   -Wl,--start-group,-lxil,-lgcc,-lc,--end-group -Wl,--start-group,-lxil,-llwip4,-lgcc,-lc,--end-group
'Finished building target: client_proj.elf'
' '
'Invoking: MicroBlaze Print Size'
mb-size client_proj.elf  |tee "client_proj.elf.size"
   text	   data	    bss	    dec	    hex	filename
  65256	   1384	3796552	3863192	 3af298	client_proj.elf
'Finished building: client_proj.elf.size'
' '
18:27:09 **** Auto Build of configuration Debug for project client_proj ****
make all 
'Building file: ../src/main.c'
'Invoking: MicroBlaze gcc compiler'
mb-gcc -Wall -O0 -g3 -c -fmessage-length=0 -MT"src/main.o" -I../../client_proj_bsp/microblaze_0/include -mlittle-endian -mcpu=v11.0 -mxl-soft-mul -Wl,--no-relax -ffunction-sections -fdata-sections -MMD -MP -MF"src/main.d" -MT"src/main.o" -o "src/main.o" "../src/main.c"
../src/main.c: In function 'main':
../src/main.c:337:2: warning: "/*" within comment [-Wcomment]
  /* Create a new DHCP client for this interface.
   
../src/main.c:239:16: warning: unused variable 'mac_ethernet_address' [-Wunused-variable]
  unsigned char mac_ethernet_address[] = SRC_MAC_ADDR;
                ^~~~~~~~~~~~~~~~~~~~
../src/main.c:235:29: warning: unused variable 'gw' [-Wunused-variable]
  ip_addr_t ipaddr, netmask, gw;
                             ^~
../src/main.c:235:20: warning: unused variable 'netmask' [-Wunused-variable]
  ip_addr_t ipaddr, netmask, gw;
                    ^~~~~~~
../src/main.c:235:12: warning: unused variable 'ipaddr' [-Wunused-variable]
  ip_addr_t ipaddr, netmask, gw;
            ^~~~~~
'Finished building: ../src/main.c'
' '
'Building target: client_proj.elf'
'Invoking: MicroBlaze gcc linker'
mb-gcc -Wl,-T -Wl,../src/lscript.ld -L../../client_proj_bsp/microblaze_0/lib -mlittle-endian -mcpu=v11.0 -mxl-soft-mul -Wl,--no-relax -Wl,--gc-sections -o "client_proj.elf"  ./src/i2c_access.o ./src/iic_phyreset.o ./src/main.o ./src/platform.o ./src/platform_mb.o ./src/platform_ppc.o ./src/platform_zynq.o ./src/platform_zynqmp.o ./src/sfp.o ./src/si5324.o   -Wl,--start-group,-lxil,-lgcc,-lc,--end-group -Wl,--start-group,-lxil,-llwip4,-lgcc,-lc,--end-group
'Finished building target: client_proj.elf'
' '
'Invoking: MicroBlaze Print Size'
mb-size client_proj.elf  |tee "client_proj.elf.size"
   text	   data	    bss	    dec	    hex	filename
  65528	   1384	3796552	3863464	 3af3a8	client_proj.elf
'Finished building: client_proj.elf.size'
' '
18:27:48 **** Incremental Build of configuration Debug for project client_proj ****
make all 
make: Nothing to be done for 'all'.
18:28:25 **** Auto Build of configuration Debug for project client_proj ****
make all 
'Building file: ../src/main.c'
'Invoking: MicroBlaze gcc compiler'
mb-gcc -Wall -O0 -g3 -c -fmessage-length=0 -MT"src/main.o" -I../../client_proj_bsp/microblaze_0/include -mlittle-endian -mcpu=v11.0 -mxl-soft-mul -Wl,--no-relax -ffunction-sections -fdata-sections -MMD -MP -MF"src/main.d" -MT"src/main.o" -o "src/main.o" "../src/main.c"
../src/main.c: In function 'main':
../src/main.c:336:2: warning: "/*" within comment [-Wcomment]
  /* Create a new DHCP client for this interface.
   
../src/main.c:239:16: warning: unused variable 'mac_ethernet_address' [-Wunused-variable]
  unsigned char mac_ethernet_address[] = SRC_MAC_ADDR;
                ^~~~~~~~~~~~~~~~~~~~
../src/main.c:235:29: warning: unused variable 'gw' [-Wunused-variable]
  ip_addr_t ipaddr, netmask, gw;
                             ^~
../src/main.c:235:20: warning: unused variable 'netmask' [-Wunused-variable]
  ip_addr_t ipaddr, netmask, gw;
                    ^~~~~~~
../src/main.c:235:12: warning: unused variable 'ipaddr' [-Wunused-variable]
  ip_addr_t ipaddr, netmask, gw;
            ^~~~~~
'Finished building: ../src/main.c'
' '
'Building target: client_proj.elf'
'Invoking: MicroBlaze gcc linker'
mb-gcc -Wl,-T -Wl,../src/lscript.ld -L../../client_proj_bsp/microblaze_0/lib -mlittle-endian -mcpu=v11.0 -mxl-soft-mul -Wl,--no-relax -Wl,--gc-sections -o "client_proj.elf"  ./src/i2c_access.o ./src/iic_phyreset.o ./src/main.o ./src/platform.o ./src/platform_mb.o ./src/platform_ppc.o ./src/platform_zynq.o ./src/platform_zynqmp.o ./src/sfp.o ./src/si5324.o   -Wl,--start-group,-lxil,-lgcc,-lc,--end-group -Wl,--start-group,-lxil,-llwip4,-lgcc,-lc,--end-group
'Finished building target: client_proj.elf'
' '
'Invoking: MicroBlaze Print Size'
mb-size client_proj.elf  |tee "client_proj.elf.size"
   text	   data	    bss	    dec	    hex	filename
  65608	   1384	3796552	3863544	 3af3f8	client_proj.elf
'Finished building: client_proj.elf.size'
' '
18:28:29 **** Incremental Build of configuration Debug for project client_proj ****
make all 
make: Nothing to be done for 'all'.
18:29:23 **** Incremental Build of configuration Debug for project client_proj ****
make all 
make: Nothing to be done for 'all'.
18:31:53 **** Incremental Build of configuration Debug for project client_proj ****
make all 
make: Nothing to be done for 'all'.
18:33:53 **** Incremental Build of configuration Debug for project client_proj ****
make all 
make: Nothing to be done for 'all'.
18:38:24 **** Incremental Build of configuration Debug for project client_proj ****
make all 
make: Nothing to be done for 'all'.
18:39:46 **** Incremental Build of configuration Debug for project client_proj ****
make all 
make: Nothing to be done for 'all'.
18:40:47 **** Incremental Build of configuration Debug for project client_proj ****
make all 
make: Nothing to be done for 'all'.
20:32:29 **** Auto Build of configuration Debug for project client_proj ****
make all 
'Building file: ../src/main.c'
'Invoking: MicroBlaze gcc compiler'
mb-gcc -Wall -O0 -g3 -c -fmessage-length=0 -MT"src/main.o" -I../../client_proj_bsp/microblaze_0/include -mlittle-endian -mcpu=v11.0 -mxl-soft-mul -Wl,--no-relax -ffunction-sections -fdata-sections -MMD -MP -MF"src/main.d" -MT"src/main.o" -o "src/main.o" "../src/main.c"
../src/main.c: In function 'main':
../src/main.c:365:2: warning: "/*" within comment [-Wcomment]
  /* Create a new DHCP client for this interface.
   
../src/main.c:242:16: warning: unused variable 'mac_ethernet_address' [-Wunused-variable]
  unsigned char mac_ethernet_address[] = SRC_MAC_ADDR;
                ^~~~~~~~~~~~~~~~~~~~
../src/main.c:238:29: warning: unused variable 'gw' [-Wunused-variable]
  ip_addr_t ipaddr, netmask, gw;
                             ^~
../src/main.c:238:20: warning: unused variable 'netmask' [-Wunused-variable]
  ip_addr_t ipaddr, netmask, gw;
                    ^~~~~~~
../src/main.c:238:12: warning: unused variable 'ipaddr' [-Wunused-variable]
  ip_addr_t ipaddr, netmask, gw;
            ^~~~~~
'Finished building: ../src/main.c'
' '
'Building target: client_proj.elf'
'Invoking: MicroBlaze gcc linker'
mb-gcc -Wl,-T -Wl,../src/lscript.ld -L../../client_proj_bsp/microblaze_0/lib -mlittle-endian -mcpu=v11.0 -mxl-soft-mul -Wl,--no-relax -Wl,--gc-sections -o "client_proj.elf"  ./src/i2c_access.o ./src/iic_phyreset.o ./src/main.o ./src/platform.o ./src/platform_mb.o ./src/platform_ppc.o ./src/platform_zynq.o ./src/platform_zynqmp.o ./src/sfp.o ./src/si5324.o   -Wl,--start-group,-lxil,-lgcc,-lc,--end-group -Wl,--start-group,-lxil,-llwip4,-lgcc,-lc,--end-group
'Finished building target: client_proj.elf'
' '
'Invoking: MicroBlaze Print Size'
mb-size client_proj.elf  |tee "client_proj.elf.size"
   text	   data	    bss	    dec	    hex	filename
  65976	   1380	3796564	3863920	 3af570	client_proj.elf
'Finished building: client_proj.elf.size'
' '
20:34:11 **** Auto Build of configuration Debug for project client_proj ****
make all 
'Building file: ../src/main.c'
'Invoking: MicroBlaze gcc compiler'
mb-gcc -Wall -O0 -g3 -c -fmessage-length=0 -MT"src/main.o" -I../../client_proj_bsp/microblaze_0/include -mlittle-endian -mcpu=v11.0 -mxl-soft-mul -Wl,--no-relax -ffunction-sections -fdata-sections -MMD -MP -MF"src/main.d" -MT"src/main.o" -o "src/main.o" "../src/main.c"
../src/main.c: In function 'main':
../src/main.c:369:2: warning: "/*" within comment [-Wcomment]
  /* Create a new DHCP client for this interface.
   
../src/main.c:242:16: warning: unused variable 'mac_ethernet_address' [-Wunused-variable]
  unsigned char mac_ethernet_address[] = SRC_MAC_ADDR;
                ^~~~~~~~~~~~~~~~~~~~
../src/main.c:238:29: warning: unused variable 'gw' [-Wunused-variable]
  ip_addr_t ipaddr, netmask, gw;
                             ^~
../src/main.c:238:20: warning: unused variable 'netmask' [-Wunused-variable]
  ip_addr_t ipaddr, netmask, gw;
                    ^~~~~~~
../src/main.c:238:12: warning: unused variable 'ipaddr' [-Wunused-variable]
  ip_addr_t ipaddr, netmask, gw;
            ^~~~~~
'Finished building: ../src/main.c'
' '
'Building target: client_proj.elf'
'Invoking: MicroBlaze gcc linker'
mb-gcc -Wl,-T -Wl,../src/lscript.ld -L../../client_proj_bsp/microblaze_0/lib -mlittle-endian -mcpu=v11.0 -mxl-soft-mul -Wl,--no-relax -Wl,--gc-sections -o "client_proj.elf"  ./src/i2c_access.o ./src/iic_phyreset.o ./src/main.o ./src/platform.o ./src/platform_mb.o ./src/platform_ppc.o ./src/platform_zynq.o ./src/platform_zynqmp.o ./src/sfp.o ./src/si5324.o   -Wl,--start-group,-lxil,-lgcc,-lc,--end-group -Wl,--start-group,-lxil,-llwip4,-lgcc,-lc,--end-group
'Finished building target: client_proj.elf'
' '
'Invoking: MicroBlaze Print Size'
mb-size client_proj.elf  |tee "client_proj.elf.size"
   text	   data	    bss	    dec	    hex	filename
  66120	   1380	3796564	3864064	 3af600	client_proj.elf
'Finished building: client_proj.elf.size'
' '
20:44:05 **** Auto Build of configuration Debug for project client_proj ****
make all 
'Building file: ../src/main.c'
'Invoking: MicroBlaze gcc compiler'
mb-gcc -Wall -O0 -g3 -c -fmessage-length=0 -MT"src/main.o" -I../../client_proj_bsp/microblaze_0/include -mlittle-endian -mcpu=v11.0 -mxl-soft-mul -Wl,--no-relax -ffunction-sections -fdata-sections -MMD -MP -MF"src/main.d" -MT"src/main.o" -o "src/main.o" "../src/main.c"
../src/main.c: In function 'main':
../src/main.c:371:2: warning: "/*" within comment [-Wcomment]
  /* Create a new DHCP client for this interface.
   
../src/main.c:242:16: warning: unused variable 'mac_ethernet_address' [-Wunused-variable]
  unsigned char mac_ethernet_address[] = SRC_MAC_ADDR;
                ^~~~~~~~~~~~~~~~~~~~
../src/main.c:238:29: warning: unused variable 'gw' [-Wunused-variable]
  ip_addr_t ipaddr, netmask, gw;
                             ^~
../src/main.c:238:20: warning: unused variable 'netmask' [-Wunused-variable]
  ip_addr_t ipaddr, netmask, gw;
                    ^~~~~~~
../src/main.c:238:12: warning: unused variable 'ipaddr' [-Wunused-variable]
  ip_addr_t ipaddr, netmask, gw;
            ^~~~~~
'Finished building: ../src/main.c'
' '
'Building target: client_proj.elf'
'Invoking: MicroBlaze gcc linker'
mb-gcc -Wl,-T -Wl,../src/lscript.ld -L../../client_proj_bsp/microblaze_0/lib -mlittle-endian -mcpu=v11.0 -mxl-soft-mul -Wl,--no-relax -Wl,--gc-sections -o "client_proj.elf"  ./src/i2c_access.o ./src/iic_phyreset.o ./src/main.o ./src/platform.o ./src/platform_mb.o ./src/platform_ppc.o ./src/platform_zynq.o ./src/platform_zynqmp.o ./src/sfp.o ./src/si5324.o   -Wl,--start-group,-lxil,-lgcc,-lc,--end-group -Wl,--start-group,-lxil,-llwip4,-lgcc,-lc,--end-group
'Finished building target: client_proj.elf'
' '
'Invoking: MicroBlaze Print Size'
mb-size client_proj.elf  |tee "client_proj.elf.size"
   text	   data	    bss	    dec	    hex	filename
  66228	   1380	3796568	3864176	 3af670	client_proj.elf
'Finished building: client_proj.elf.size'
' '
20:44:45 **** Incremental Build of configuration Debug for project client_proj ****
make all 
make: Nothing to be done for 'all'.
20:46:51 **** Incremental Build of configuration Debug for project client_proj ****
make all 
make: Nothing to be done for 'all'.
20:50:20 **** Auto Build of configuration Debug for project client_proj ****
make all 
'Building file: ../src/main.c'
'Invoking: MicroBlaze gcc compiler'
mb-gcc -Wall -O0 -g3 -c -fmessage-length=0 -MT"src/main.o" -I../../client_proj_bsp/microblaze_0/include -mlittle-endian -mcpu=v11.0 -mxl-soft-mul -Wl,--no-relax -ffunction-sections -fdata-sections -MMD -MP -MF"src/main.d" -MT"src/main.o" -o "src/main.o" "../src/main.c"
../src/main.c: In function 'main':
../src/main.c:371:2: warning: "/*" within comment [-Wcomment]
  /* Create a new DHCP client for this interface.
   
../src/main.c:242:16: warning: unused variable 'mac_ethernet_address' [-Wunused-variable]
  unsigned char mac_ethernet_address[] = SRC_MAC_ADDR;
                ^~~~~~~~~~~~~~~~~~~~
../src/main.c:238:29: warning: unused variable 'gw' [-Wunused-variable]
  ip_addr_t ipaddr, netmask, gw;
                             ^~
../src/main.c:238:20: warning: unused variable 'netmask' [-Wunused-variable]
  ip_addr_t ipaddr, netmask, gw;
                    ^~~~~~~
../src/main.c:238:12: warning: unused variable 'ipaddr' [-Wunused-variable]
  ip_addr_t ipaddr, netmask, gw;
            ^~~~~~
'Finished building: ../src/main.c'
' '
'Building target: client_proj.elf'
'Invoking: MicroBlaze gcc linker'
mb-gcc -Wl,-T -Wl,../src/lscript.ld -L../../client_proj_bsp/microblaze_0/lib -mlittle-endian -mcpu=v11.0 -mxl-soft-mul -Wl,--no-relax -Wl,--gc-sections -o "client_proj.elf"  ./src/i2c_access.o ./src/iic_phyreset.o ./src/main.o ./src/platform.o ./src/platform_mb.o ./src/platform_ppc.o ./src/platform_zynq.o ./src/platform_zynqmp.o ./src/sfp.o ./src/si5324.o   -Wl,--start-group,-lxil,-lgcc,-lc,--end-group -Wl,--start-group,-lxil,-llwip4,-lgcc,-lc,--end-group
'Finished building target: client_proj.elf'
' '
'Invoking: MicroBlaze Print Size'
mb-size client_proj.elf  |tee "client_proj.elf.size"
   text	   data	    bss	    dec	    hex	filename
  66228	   1380	3796568	3864176	 3af670	client_proj.elf
'Finished building: client_proj.elf.size'
' '
20:50:31 **** Incremental Build of configuration Debug for project client_proj ****
make all 
make: Nothing to be done for 'all'.
20:52:52 **** Auto Build of configuration Debug for project client_proj ****
make all 
'Building file: ../src/main.c'
'Invoking: MicroBlaze gcc compiler'
mb-gcc -Wall -O0 -g3 -c -fmessage-length=0 -MT"src/main.o" -I../../client_proj_bsp/microblaze_0/include -mlittle-endian -mcpu=v11.0 -mxl-soft-mul -Wl,--no-relax -ffunction-sections -fdata-sections -MMD -MP -MF"src/main.d" -MT"src/main.o" -o "src/main.o" "../src/main.c"
../src/main.c: In function 'main':
../src/main.c:371:2: warning: "/*" within comment [-Wcomment]
  /* Create a new DHCP client for this interface.
   
../src/main.c:242:16: warning: unused variable 'mac_ethernet_address' [-Wunused-variable]
  unsigned char mac_ethernet_address[] = SRC_MAC_ADDR;
                ^~~~~~~~~~~~~~~~~~~~
../src/main.c:238:29: warning: unused variable 'gw' [-Wunused-variable]
  ip_addr_t ipaddr, netmask, gw;
                             ^~
../src/main.c:238:20: warning: unused variable 'netmask' [-Wunused-variable]
  ip_addr_t ipaddr, netmask, gw;
                    ^~~~~~~
../src/main.c:238:12: warning: unused variable 'ipaddr' [-Wunused-variable]
  ip_addr_t ipaddr, netmask, gw;
            ^~~~~~
'Finished building: ../src/main.c'
' '
'Building target: client_proj.elf'
'Invoking: MicroBlaze gcc linker'
mb-gcc -Wl,-T -Wl,../src/lscript.ld -L../../client_proj_bsp/microblaze_0/lib -mlittle-endian -mcpu=v11.0 -mxl-soft-mul -Wl,--no-relax -Wl,--gc-sections -o "client_proj.elf"  ./src/i2c_access.o ./src/iic_phyreset.o ./src/main.o ./src/platform.o ./src/platform_mb.o ./src/platform_ppc.o ./src/platform_zynq.o ./src/platform_zynqmp.o ./src/sfp.o ./src/si5324.o   -Wl,--start-group,-lxil,-lgcc,-lc,--end-group -Wl,--start-group,-lxil,-llwip4,-lgcc,-lc,--end-group
'Finished building target: client_proj.elf'
' '
'Invoking: MicroBlaze Print Size'
mb-size client_proj.elf  |tee "client_proj.elf.size"
   text	   data	    bss	    dec	    hex	filename
  66228	   1380	3796568	3864176	 3af670	client_proj.elf
'Finished building: client_proj.elf.size'
' '
20:53:51 **** Auto Build of configuration Debug for project client_proj ****
make all 
'Building file: ../src/main.c'
'Invoking: MicroBlaze gcc compiler'
mb-gcc -Wall -O0 -g3 -c -fmessage-length=0 -MT"src/main.o" -I../../client_proj_bsp/microblaze_0/include -mlittle-endian -mcpu=v11.0 -mxl-soft-mul -Wl,--no-relax -ffunction-sections -fdata-sections -MMD -MP -MF"src/main.d" -MT"src/main.o" -o "src/main.o" "../src/main.c"
../src/main.c: In function 'main':
../src/main.c:372:2: warning: "/*" within comment [-Wcomment]
  /* Create a new DHCP client for this interface.
   
../src/main.c:243:16: warning: unused variable 'mac_ethernet_address' [-Wunused-variable]
  unsigned char mac_ethernet_address[] = SRC_MAC_ADDR;
                ^~~~~~~~~~~~~~~~~~~~
../src/main.c:239:29: warning: unused variable 'gw' [-Wunused-variable]
  ip_addr_t ipaddr, netmask, gw;
                             ^~
../src/main.c:239:20: warning: unused variable 'netmask' [-Wunused-variable]
  ip_addr_t ipaddr, netmask, gw;
                    ^~~~~~~
../src/main.c:239:12: warning: unused variable 'ipaddr' [-Wunused-variable]
  ip_addr_t ipaddr, netmask, gw;
            ^~~~~~
'Finished building: ../src/main.c'
' '
'Building target: client_proj.elf'
'Invoking: MicroBlaze gcc linker'
mb-gcc -Wl,-T -Wl,../src/lscript.ld -L../../client_proj_bsp/microblaze_0/lib -mlittle-endian -mcpu=v11.0 -mxl-soft-mul -Wl,--no-relax -Wl,--gc-sections -o "client_proj.elf"  ./src/i2c_access.o ./src/iic_phyreset.o ./src/main.o ./src/platform.o ./src/platform_mb.o ./src/platform_ppc.o ./src/platform_zynq.o ./src/platform_zynqmp.o ./src/sfp.o ./src/si5324.o   -Wl,--start-group,-lxil,-lgcc,-lc,--end-group -Wl,--start-group,-lxil,-llwip4,-lgcc,-lc,--end-group
'Finished building target: client_proj.elf'
' '
'Invoking: MicroBlaze Print Size'
mb-size client_proj.elf  |tee "client_proj.elf.size"
   text	   data	    bss	    dec	    hex	filename
  66228	   1380	3796568	3864176	 3af670	client_proj.elf
'Finished building: client_proj.elf.size'
' '
20:54:00 **** Auto Build of configuration Debug for project client_proj ****
make all 
'Building file: ../src/main.c'
'Invoking: MicroBlaze gcc compiler'
mb-gcc -Wall -O0 -g3 -c -fmessage-length=0 -MT"src/main.o" -I../../client_proj_bsp/microblaze_0/include -mlittle-endian -mcpu=v11.0 -mxl-soft-mul -Wl,--no-relax -ffunction-sections -fdata-sections -MMD -MP -MF"src/main.d" -MT"src/main.o" -o "src/main.o" "../src/main.c"
../src/main.c:117:36: warning: initialization makes pointer from integer without a cast [-Wint-conversion]
 volatile unsigned int * tmp_base = 0x80000000;
                                    ^~~~~~~~~~
../src/main.c: In function 'main':
../src/main.c:372:2: warning: "/*" within comment [-Wcomment]
  /* Create a new DHCP client for this interface.
   
../src/main.c:243:16: warning: unused variable 'mac_ethernet_address' [-Wunused-variable]
  unsigned char mac_ethernet_address[] = SRC_MAC_ADDR;
                ^~~~~~~~~~~~~~~~~~~~
../src/main.c:239:29: warning: unused variable 'gw' [-Wunused-variable]
  ip_addr_t ipaddr, netmask, gw;
                             ^~
../src/main.c:239:20: warning: unused variable 'netmask' [-Wunused-variable]
  ip_addr_t ipaddr, netmask, gw;
                    ^~~~~~~
../src/main.c:239:12: warning: unused variable 'ipaddr' [-Wunused-variable]
  ip_addr_t ipaddr, netmask, gw;
            ^~~~~~
'Finished building: ../src/main.c'
' '
'Building target: client_proj.elf'
'Invoking: MicroBlaze gcc linker'
mb-gcc -Wl,-T -Wl,../src/lscript.ld -L../../client_proj_bsp/microblaze_0/lib -mlittle-endian -mcpu=v11.0 -mxl-soft-mul -Wl,--no-relax -Wl,--gc-sections -o "client_proj.elf"  ./src/i2c_access.o ./src/iic_phyreset.o ./src/main.o ./src/platform.o ./src/platform_mb.o ./src/platform_ppc.o ./src/platform_zynq.o ./src/platform_zynqmp.o ./src/sfp.o ./src/si5324.o   -Wl,--start-group,-lxil,-lgcc,-lc,--end-group -Wl,--start-group,-lxil,-llwip4,-lgcc,-lc,--end-group
'Finished building target: client_proj.elf'
' '
'Invoking: MicroBlaze Print Size'
mb-size client_proj.elf  |tee "client_proj.elf.size"
   text	   data	    bss	    dec	    hex	filename
  66228	   1380	3796568	3864176	 3af670	client_proj.elf
'Finished building: client_proj.elf.size'
' '
20:54:09 **** Auto Build of configuration Debug for project client_proj ****
make all 
'Building file: ../src/main.c'
'Invoking: MicroBlaze gcc compiler'
mb-gcc -Wall -O0 -g3 -c -fmessage-length=0 -MT"src/main.o" -I../../client_proj_bsp/microblaze_0/include -mlittle-endian -mcpu=v11.0 -mxl-soft-mul -Wl,--no-relax -ffunction-sections -fdata-sections -MMD -MP -MF"src/main.d" -MT"src/main.o" -o "src/main.o" "../src/main.c"
../src/main.c: In function 'main':
../src/main.c:372:2: warning: "/*" within comment [-Wcomment]
  /* Create a new DHCP client for this interface.
   
../src/main.c:243:16: warning: unused variable 'mac_ethernet_address' [-Wunused-variable]
  unsigned char mac_ethernet_address[] = SRC_MAC_ADDR;
                ^~~~~~~~~~~~~~~~~~~~
../src/main.c:239:29: warning: unused variable 'gw' [-Wunused-variable]
  ip_addr_t ipaddr, netmask, gw;
                             ^~
../src/main.c:239:20: warning: unused variable 'netmask' [-Wunused-variable]
  ip_addr_t ipaddr, netmask, gw;
                    ^~~~~~~
../src/main.c:239:12: warning: unused variable 'ipaddr' [-Wunused-variable]
  ip_addr_t ipaddr, netmask, gw;
            ^~~~~~
'Finished building: ../src/main.c'
' '
'Building target: client_proj.elf'
'Invoking: MicroBlaze gcc linker'
mb-gcc -Wl,-T -Wl,../src/lscript.ld -L../../client_proj_bsp/microblaze_0/lib -mlittle-endian -mcpu=v11.0 -mxl-soft-mul -Wl,--no-relax -Wl,--gc-sections -o "client_proj.elf"  ./src/i2c_access.o ./src/iic_phyreset.o ./src/main.o ./src/platform.o ./src/platform_mb.o ./src/platform_ppc.o ./src/platform_zynq.o ./src/platform_zynqmp.o ./src/sfp.o ./src/si5324.o   -Wl,--start-group,-lxil,-lgcc,-lc,--end-group -Wl,--start-group,-lxil,-llwip4,-lgcc,-lc,--end-group
'Finished building target: client_proj.elf'
' '
'Invoking: MicroBlaze Print Size'
mb-size client_proj.elf  |tee "client_proj.elf.size"
   text	   data	    bss	    dec	    hex	filename
  66228	   1380	3796568	3864176	 3af670	client_proj.elf
'Finished building: client_proj.elf.size'
' '
20:54:16 **** Incremental Build of configuration Debug for project client_proj ****
make all 
make: Nothing to be done for 'all'.
20:57:10 **** Auto Build of configuration Debug for project client_proj ****
make all 
'Building file: ../src/main.c'
'Invoking: MicroBlaze gcc compiler'
mb-gcc -Wall -O0 -g3 -c -fmessage-length=0 -MT"src/main.o" -I../../client_proj_bsp/microblaze_0/include -mlittle-endian -mcpu=v11.0 -mxl-soft-mul -Wl,--no-relax -ffunction-sections -fdata-sections -MMD -MP -MF"src/main.d" -MT"src/main.o" -o "src/main.o" "../src/main.c"
../src/main.c: In function 'main':
../src/main.c:372:2: warning: "/*" within comment [-Wcomment]
  /* Create a new DHCP client for this interface.
   
../src/main.c:243:16: warning: unused variable 'mac_ethernet_address' [-Wunused-variable]
  unsigned char mac_ethernet_address[] = SRC_MAC_ADDR;
                ^~~~~~~~~~~~~~~~~~~~
../src/main.c:239:29: warning: unused variable 'gw' [-Wunused-variable]
  ip_addr_t ipaddr, netmask, gw;
                             ^~
../src/main.c:239:20: warning: unused variable 'netmask' [-Wunused-variable]
  ip_addr_t ipaddr, netmask, gw;
                    ^~~~~~~
../src/main.c:239:12: warning: unused variable 'ipaddr' [-Wunused-variable]
  ip_addr_t ipaddr, netmask, gw;
            ^~~~~~
'Finished building: ../src/main.c'
' '
'Building target: client_proj.elf'
'Invoking: MicroBlaze gcc linker'
mb-gcc -Wl,-T -Wl,../src/lscript.ld -L../../client_proj_bsp/microblaze_0/lib -mlittle-endian -mcpu=v11.0 -mxl-soft-mul -Wl,--no-relax -Wl,--gc-sections -o "client_proj.elf"  ./src/i2c_access.o ./src/iic_phyreset.o ./src/main.o ./src/platform.o ./src/platform_mb.o ./src/platform_ppc.o ./src/platform_zynq.o ./src/platform_zynqmp.o ./src/sfp.o ./src/si5324.o   -Wl,--start-group,-lxil,-lgcc,-lc,--end-group -Wl,--start-group,-lxil,-llwip4,-lgcc,-lc,--end-group
'Finished building target: client_proj.elf'
' '
'Invoking: MicroBlaze Print Size'
mb-size client_proj.elf  |tee "client_proj.elf.size"
   text	   data	    bss	    dec	    hex	filename
  66228	   1380	3796568	3864176	 3af670	client_proj.elf
'Finished building: client_proj.elf.size'
' '
20:57:17 **** Incremental Build of configuration Debug for project client_proj ****
make all 
make: Nothing to be done for 'all'.
21:00:25 **** Auto Build of configuration Debug for project client_proj ****
make all 
'Building file: ../src/main.c'
'Invoking: MicroBlaze gcc compiler'
mb-gcc -Wall -O0 -g3 -c -fmessage-length=0 -MT"src/main.o" -I../../client_proj_bsp/microblaze_0/include -mlittle-endian -mcpu=v11.0 -mxl-soft-mul -Wl,--no-relax -ffunction-sections -fdata-sections -MMD -MP -MF"src/main.d" -MT"src/main.o" -o "src/main.o" "../src/main.c"
../src/main.c: In function 'main':
../src/main.c:372:2: warning: "/*" within comment [-Wcomment]
  /* Create a new DHCP client for this interface.
   
../src/main.c:243:16: warning: unused variable 'mac_ethernet_address' [-Wunused-variable]
  unsigned char mac_ethernet_address[] = SRC_MAC_ADDR;
                ^~~~~~~~~~~~~~~~~~~~
../src/main.c:239:29: warning: unused variable 'gw' [-Wunused-variable]
  ip_addr_t ipaddr, netmask, gw;
                             ^~
../src/main.c:239:20: warning: unused variable 'netmask' [-Wunused-variable]
  ip_addr_t ipaddr, netmask, gw;
                    ^~~~~~~
../src/main.c:239:12: warning: unused variable 'ipaddr' [-Wunused-variable]
  ip_addr_t ipaddr, netmask, gw;
            ^~~~~~
'Finished building: ../src/main.c'
' '
'Building target: client_proj.elf'
'Invoking: MicroBlaze gcc linker'
mb-gcc -Wl,-T -Wl,../src/lscript.ld -L../../client_proj_bsp/microblaze_0/lib -mlittle-endian -mcpu=v11.0 -mxl-soft-mul -Wl,--no-relax -Wl,--gc-sections -o "client_proj.elf"  ./src/i2c_access.o ./src/iic_phyreset.o ./src/main.o ./src/platform.o ./src/platform_mb.o ./src/platform_ppc.o ./src/platform_zynq.o ./src/platform_zynqmp.o ./src/sfp.o ./src/si5324.o   -Wl,--start-group,-lxil,-lgcc,-lc,--end-group -Wl,--start-group,-lxil,-llwip4,-lgcc,-lc,--end-group
'Finished building target: client_proj.elf'
' '
'Invoking: MicroBlaze Print Size'
mb-size client_proj.elf  |tee "client_proj.elf.size"
   text	   data	    bss	    dec	    hex	filename
  66228	   1380	3796568	3864176	 3af670	client_proj.elf
'Finished building: client_proj.elf.size'
' '
21:01:10 **** Incremental Build of configuration Debug for project client_proj ****
make all 
make: Nothing to be done for 'all'.
21:19:39 **** Auto Build of configuration Debug for project client_proj ****
make all 
'Building file: ../src/main.c'
'Invoking: MicroBlaze gcc compiler'
mb-gcc -Wall -O0 -g3 -c -fmessage-length=0 -MT"src/main.o" -I../../client_proj_bsp/microblaze_0/include -mlittle-endian -mcpu=v11.0 -mxl-soft-mul -Wl,--no-relax -ffunction-sections -fdata-sections -MMD -MP -MF"src/main.d" -MT"src/main.o" -o "src/main.o" "../src/main.c"
../src/main.c: In function 'main':
../src/main.c:372:2: warning: "/*" within comment [-Wcomment]
  /* Create a new DHCP client for this interface.
   
../src/main.c:243:16: warning: unused variable 'mac_ethernet_address' [-Wunused-variable]
  unsigned char mac_ethernet_address[] = SRC_MAC_ADDR;
                ^~~~~~~~~~~~~~~~~~~~
../src/main.c:239:29: warning: unused variable 'gw' [-Wunused-variable]
  ip_addr_t ipaddr, netmask, gw;
                             ^~
../src/main.c:239:20: warning: unused variable 'netmask' [-Wunused-variable]
  ip_addr_t ipaddr, netmask, gw;
                    ^~~~~~~
../src/main.c:239:12: warning: unused variable 'ipaddr' [-Wunused-variable]
  ip_addr_t ipaddr, netmask, gw;
            ^~~~~~
'Finished building: ../src/main.c'
' '
'Building target: client_proj.elf'
'Invoking: MicroBlaze gcc linker'
mb-gcc -Wl,-T -Wl,../src/lscript.ld -L../../client_proj_bsp/microblaze_0/lib -mlittle-endian -mcpu=v11.0 -mxl-soft-mul -Wl,--no-relax -Wl,--gc-sections -o "client_proj.elf"  ./src/i2c_access.o ./src/iic_phyreset.o ./src/main.o ./src/platform.o ./src/platform_mb.o ./src/platform_ppc.o ./src/platform_zynq.o ./src/platform_zynqmp.o ./src/sfp.o ./src/si5324.o   -Wl,--start-group,-lxil,-lgcc,-lc,--end-group -Wl,--start-group,-lxil,-llwip4,-lgcc,-lc,--end-group
'Finished building target: client_proj.elf'
' '
'Invoking: MicroBlaze Print Size'
mb-size client_proj.elf  |tee "client_proj.elf.size"
   text	   data	    bss	    dec	    hex	filename
  66228	   1380	3796568	3864176	 3af670	client_proj.elf
'Finished building: client_proj.elf.size'
' '
21:25:13 **** Auto Build of configuration Debug for project client_proj ****
make all 
'Building file: ../src/main.c'
'Invoking: MicroBlaze gcc compiler'
mb-gcc -Wall -O0 -g3 -c -fmessage-length=0 -MT"src/main.o" -I../../client_proj_bsp/microblaze_0/include -mlittle-endian -mcpu=v11.0 -mxl-soft-mul -Wl,--no-relax -ffunction-sections -fdata-sections -MMD -MP -MF"src/main.d" -MT"src/main.o" -o "src/main.o" "../src/main.c"
../src/main.c: In function 'main':
../src/main.c:372:2: warning: "/*" within comment [-Wcomment]
  /* Create a new DHCP client for this interface.
   
../src/main.c:243:16: warning: unused variable 'mac_ethernet_address' [-Wunused-variable]
  unsigned char mac_ethernet_address[] = SRC_MAC_ADDR;
                ^~~~~~~~~~~~~~~~~~~~
../src/main.c:239:29: warning: unused variable 'gw' [-Wunused-variable]
  ip_addr_t ipaddr, netmask, gw;
                             ^~
../src/main.c:239:20: warning: unused variable 'netmask' [-Wunused-variable]
  ip_addr_t ipaddr, netmask, gw;
                    ^~~~~~~
../src/main.c:239:12: warning: unused variable 'ipaddr' [-Wunused-variable]
  ip_addr_t ipaddr, netmask, gw;
            ^~~~~~
'Finished building: ../src/main.c'
' '
'Building target: client_proj.elf'
'Invoking: MicroBlaze gcc linker'
mb-gcc -Wl,-T -Wl,../src/lscript.ld -L../../client_proj_bsp/microblaze_0/lib -mlittle-endian -mcpu=v11.0 -mxl-soft-mul -Wl,--no-relax -Wl,--gc-sections -o "client_proj.elf"  ./src/i2c_access.o ./src/iic_phyreset.o ./src/main.o ./src/platform.o ./src/platform_mb.o ./src/platform_ppc.o ./src/platform_zynq.o ./src/platform_zynqmp.o ./src/sfp.o ./src/si5324.o   -Wl,--start-group,-lxil,-lgcc,-lc,--end-group -Wl,--start-group,-lxil,-llwip4,-lgcc,-lc,--end-group
'Finished building target: client_proj.elf'
' '
'Invoking: MicroBlaze Print Size'
mb-size client_proj.elf  |tee "client_proj.elf.size"
   text	   data	    bss	    dec	    hex	filename
  66288	   1380	3796564	3864232	 3af6a8	client_proj.elf
'Finished building: client_proj.elf.size'
' '
21:25:19 **** Incremental Build of configuration Debug for project client_proj ****
make all 
make: Nothing to be done for 'all'.
21:38:46 **** Auto Build of configuration Debug for project client_proj ****
make all 
'Building file: ../src/main.c'
'Invoking: MicroBlaze gcc compiler'
mb-gcc -Wall -O0 -g3 -c -fmessage-length=0 -MT"src/main.o" -I../../client_proj_bsp/microblaze_0/include -mlittle-endian -mcpu=v11.0 -mxl-soft-mul -Wl,--no-relax -ffunction-sections -fdata-sections -MMD -MP -MF"src/main.d" -MT"src/main.o" -o "src/main.o" "../src/main.c"
../src/main.c: In function 'main':
../src/main.c:384:2: warning: "/*" within comment [-Wcomment]
  /* Create a new DHCP client for this interface.
   
../src/main.c:243:16: warning: unused variable 'mac_ethernet_address' [-Wunused-variable]
  unsigned char mac_ethernet_address[] = SRC_MAC_ADDR;
                ^~~~~~~~~~~~~~~~~~~~
../src/main.c:239:29: warning: unused variable 'gw' [-Wunused-variable]
  ip_addr_t ipaddr, netmask, gw;
                             ^~
../src/main.c:239:20: warning: unused variable 'netmask' [-Wunused-variable]
  ip_addr_t ipaddr, netmask, gw;
                    ^~~~~~~
../src/main.c:239:12: warning: unused variable 'ipaddr' [-Wunused-variable]
  ip_addr_t ipaddr, netmask, gw;
            ^~~~~~
'Finished building: ../src/main.c'
' '
'Building target: client_proj.elf'
'Invoking: MicroBlaze gcc linker'
mb-gcc -Wl,-T -Wl,../src/lscript.ld -L../../client_proj_bsp/microblaze_0/lib -mlittle-endian -mcpu=v11.0 -mxl-soft-mul -Wl,--no-relax -Wl,--gc-sections -o "client_proj.elf"  ./src/i2c_access.o ./src/iic_phyreset.o ./src/main.o ./src/platform.o ./src/platform_mb.o ./src/platform_ppc.o ./src/platform_zynq.o ./src/platform_zynqmp.o ./src/sfp.o ./src/si5324.o   -Wl,--start-group,-lxil,-lgcc,-lc,--end-group -Wl,--start-group,-lxil,-llwip4,-lgcc,-lc,--end-group
'Finished building target: client_proj.elf'
' '
'Invoking: MicroBlaze Print Size'
mb-size client_proj.elf  |tee "client_proj.elf.size"
   text	   data	    bss	    dec	    hex	filename
  67476	   1384	3796564	3865424	 3afb50	client_proj.elf
'Finished building: client_proj.elf.size'
' '
21:38:53 **** Incremental Build of configuration Debug for project client_proj ****
make all 
make: Nothing to be done for 'all'.
21:40:30 **** Auto Build of configuration Debug for project client_proj ****
make all 
'Building file: ../src/main.c'
'Invoking: MicroBlaze gcc compiler'
mb-gcc -Wall -O0 -g3 -c -fmessage-length=0 -MT"src/main.o" -I../../client_proj_bsp/microblaze_0/include -mlittle-endian -mcpu=v11.0 -mxl-soft-mul -Wl,--no-relax -ffunction-sections -fdata-sections -MMD -MP -MF"src/main.d" -MT"src/main.o" -o "src/main.o" "../src/main.c"
../src/main.c: In function 'main':
../src/main.c:385:2: warning: "/*" within comment [-Wcomment]
  /* Create a new DHCP client for this interface.
   
../src/main.c:243:16: warning: unused variable 'mac_ethernet_address' [-Wunused-variable]
  unsigned char mac_ethernet_address[] = SRC_MAC_ADDR;
                ^~~~~~~~~~~~~~~~~~~~
../src/main.c:239:29: warning: unused variable 'gw' [-Wunused-variable]
  ip_addr_t ipaddr, netmask, gw;
                             ^~
../src/main.c:239:20: warning: unused variable 'netmask' [-Wunused-variable]
  ip_addr_t ipaddr, netmask, gw;
                    ^~~~~~~
../src/main.c:239:12: warning: unused variable 'ipaddr' [-Wunused-variable]
  ip_addr_t ipaddr, netmask, gw;
            ^~~~~~
'Finished building: ../src/main.c'
' '
'Building target: client_proj.elf'
'Invoking: MicroBlaze gcc linker'
mb-gcc -Wl,-T -Wl,../src/lscript.ld -L../../client_proj_bsp/microblaze_0/lib -mlittle-endian -mcpu=v11.0 -mxl-soft-mul -Wl,--no-relax -Wl,--gc-sections -o "client_proj.elf"  ./src/i2c_access.o ./src/iic_phyreset.o ./src/main.o ./src/platform.o ./src/platform_mb.o ./src/platform_ppc.o ./src/platform_zynq.o ./src/platform_zynqmp.o ./src/sfp.o ./src/si5324.o   -Wl,--start-group,-lxil,-lgcc,-lc,--end-group -Wl,--start-group,-lxil,-llwip4,-lgcc,-lc,--end-group
'Finished building target: client_proj.elf'
' '
'Invoking: MicroBlaze Print Size'
mb-size client_proj.elf  |tee "client_proj.elf.size"
   text	   data	    bss	    dec	    hex	filename
  67512	   1384	3796560	3865456	 3afb70	client_proj.elf
'Finished building: client_proj.elf.size'
' '
21:40:38 **** Auto Build of configuration Debug for project client_proj ****
make all 
'Building file: ../src/main.c'
'Invoking: MicroBlaze gcc compiler'
mb-gcc -Wall -O0 -g3 -c -fmessage-length=0 -MT"src/main.o" -I../../client_proj_bsp/microblaze_0/include -mlittle-endian -mcpu=v11.0 -mxl-soft-mul -Wl,--no-relax -ffunction-sections -fdata-sections -MMD -MP -MF"src/main.d" -MT"src/main.o" -o "src/main.o" "../src/main.c"
../src/main.c: In function 'main':
../src/main.c:385:2: warning: "/*" within comment [-Wcomment]
  /* Create a new DHCP client for this interface.
   
../src/main.c:243:16: warning: unused variable 'mac_ethernet_address' [-Wunused-variable]
  unsigned char mac_ethernet_address[] = SRC_MAC_ADDR;
                ^~~~~~~~~~~~~~~~~~~~
../src/main.c:239:29: warning: unused variable 'gw' [-Wunused-variable]
  ip_addr_t ipaddr, netmask, gw;
                             ^~
../src/main.c:239:20: warning: unused variable 'netmask' [-Wunused-variable]
  ip_addr_t ipaddr, netmask, gw;
                    ^~~~~~~
../src/main.c:239:12: warning: unused variable 'ipaddr' [-Wunused-variable]
  ip_addr_t ipaddr, netmask, gw;
            ^~~~~~
'Finished building: ../src/main.c'
' '
'Building target: client_proj.elf'
'Invoking: MicroBlaze gcc linker'
mb-gcc -Wl,-T -Wl,../src/lscript.ld -L../../client_proj_bsp/microblaze_0/lib -mlittle-endian -mcpu=v11.0 -mxl-soft-mul -Wl,--no-relax -Wl,--gc-sections -o "client_proj.elf"  ./src/i2c_access.o ./src/iic_phyreset.o ./src/main.o ./src/platform.o ./src/platform_mb.o ./src/platform_ppc.o ./src/platform_zynq.o ./src/platform_zynqmp.o ./src/sfp.o ./src/si5324.o   -Wl,--start-group,-lxil,-lgcc,-lc,--end-group -Wl,--start-group,-lxil,-llwip4,-lgcc,-lc,--end-group
'Finished building target: client_proj.elf'
' '
'Invoking: MicroBlaze Print Size'
mb-size client_proj.elf  |tee "client_proj.elf.size"
   text	   data	    bss	    dec	    hex	filename
  67512	   1384	3796560	3865456	 3afb70	client_proj.elf
'Finished building: client_proj.elf.size'
' '
21:40:51 **** Auto Build of configuration Debug for project client_proj ****
make all 
'Building file: ../src/main.c'
'Invoking: MicroBlaze gcc compiler'
mb-gcc -Wall -O0 -g3 -c -fmessage-length=0 -MT"src/main.o" -I../../client_proj_bsp/microblaze_0/include -mlittle-endian -mcpu=v11.0 -mxl-soft-mul -Wl,--no-relax -ffunction-sections -fdata-sections -MMD -MP -MF"src/main.d" -MT"src/main.o" -o "src/main.o" "../src/main.c"
../src/main.c: In function 'main':
../src/main.c:386:2: warning: "/*" within comment [-Wcomment]
  /* Create a new DHCP client for this interface.
   
../src/main.c:243:16: warning: unused variable 'mac_ethernet_address' [-Wunused-variable]
  unsigned char mac_ethernet_address[] = SRC_MAC_ADDR;
                ^~~~~~~~~~~~~~~~~~~~
../src/main.c:239:29: warning: unused variable 'gw' [-Wunused-variable]
  ip_addr_t ipaddr, netmask, gw;
                             ^~
../src/main.c:239:20: warning: unused variable 'netmask' [-Wunused-variable]
  ip_addr_t ipaddr, netmask, gw;
                    ^~~~~~~
../src/main.c:239:12: warning: unused variable 'ipaddr' [-Wunused-variable]
  ip_addr_t ipaddr, netmask, gw;
            ^~~~~~
'Finished building: ../src/main.c'
' '
'Building target: client_proj.elf'
'Invoking: MicroBlaze gcc linker'
mb-gcc -Wl,-T -Wl,../src/lscript.ld -L../../client_proj_bsp/microblaze_0/lib -mlittle-endian -mcpu=v11.0 -mxl-soft-mul -Wl,--no-relax -Wl,--gc-sections -o "client_proj.elf"  ./src/i2c_access.o ./src/iic_phyreset.o ./src/main.o ./src/platform.o ./src/platform_mb.o ./src/platform_ppc.o ./src/platform_zynq.o ./src/platform_zynqmp.o ./src/sfp.o ./src/si5324.o   -Wl,--start-group,-lxil,-lgcc,-lc,--end-group -Wl,--start-group,-lxil,-llwip4,-lgcc,-lc,--end-group
'Finished building target: client_proj.elf'
' '
'Invoking: MicroBlaze Print Size'
mb-size client_proj.elf  |tee "client_proj.elf.size"
   text	   data	    bss	    dec	    hex	filename
  67584	   1384	3796560	3865528	 3afbb8	client_proj.elf
'Finished building: client_proj.elf.size'
' '
21:40:57 **** Incremental Build of configuration Debug for project client_proj ****
make all 
make: Nothing to be done for 'all'.
21:47:06 **** Auto Build of configuration Debug for project client_proj ****
make all 
'Building file: ../src/main.c'
'Invoking: MicroBlaze gcc compiler'
mb-gcc -Wall -O0 -g3 -c -fmessage-length=0 -MT"src/main.o" -I../../client_proj_bsp/microblaze_0/include -mlittle-endian -mcpu=v11.0 -mxl-soft-mul -Wl,--no-relax -ffunction-sections -fdata-sections -MMD -MP -MF"src/main.d" -MT"src/main.o" -o "src/main.o" "../src/main.c"
../src/main.c: In function 'main':
../src/main.c:388:2: warning: "/*" within comment [-Wcomment]
  /* Create a new DHCP client for this interface.
   
../src/main.c:245:16: warning: unused variable 'mac_ethernet_address' [-Wunused-variable]
  unsigned char mac_ethernet_address[] = SRC_MAC_ADDR;
                ^~~~~~~~~~~~~~~~~~~~
../src/main.c:241:29: warning: unused variable 'gw' [-Wunused-variable]
  ip_addr_t ipaddr, netmask, gw;
                             ^~
../src/main.c:241:20: warning: unused variable 'netmask' [-Wunused-variable]
  ip_addr_t ipaddr, netmask, gw;
                    ^~~~~~~
../src/main.c:241:12: warning: unused variable 'ipaddr' [-Wunused-variable]
  ip_addr_t ipaddr, netmask, gw;
            ^~~~~~
'Finished building: ../src/main.c'
' '
'Building target: client_proj.elf'
'Invoking: MicroBlaze gcc linker'
mb-gcc -Wl,-T -Wl,../src/lscript.ld -L../../client_proj_bsp/microblaze_0/lib -mlittle-endian -mcpu=v11.0 -mxl-soft-mul -Wl,--no-relax -Wl,--gc-sections -o "client_proj.elf"  ./src/i2c_access.o ./src/iic_phyreset.o ./src/main.o ./src/platform.o ./src/platform_mb.o ./src/platform_ppc.o ./src/platform_zynq.o ./src/platform_zynqmp.o ./src/sfp.o ./src/si5324.o   -Wl,--start-group,-lxil,-lgcc,-lc,--end-group -Wl,--start-group,-lxil,-llwip4,-lgcc,-lc,--end-group
'Finished building target: client_proj.elf'
' '
'Invoking: MicroBlaze Print Size'
mb-size client_proj.elf  |tee "client_proj.elf.size"
   text	   data	    bss	    dec	    hex	filename
  67560	   1384	3796560	3865504	 3afba0	client_proj.elf
'Finished building: client_proj.elf.size'
' '
21:48:23 **** Auto Build of configuration Debug for project client_proj ****
make all 
'Building file: ../src/main.c'
'Invoking: MicroBlaze gcc compiler'
mb-gcc -Wall -O0 -g3 -c -fmessage-length=0 -MT"src/main.o" -I../../client_proj_bsp/microblaze_0/include -mlittle-endian -mcpu=v11.0 -mxl-soft-mul -Wl,--no-relax -ffunction-sections -fdata-sections -MMD -MP -MF"src/main.d" -MT"src/main.o" -o "src/main.o" "../src/main.c"
../src/main.c: In function 'main':
../src/main.c:391:2: warning: "/*" within comment [-Wcomment]
  /* Create a new DHCP client for this interface.
   
../src/main.c:245:16: warning: unused variable 'mac_ethernet_address' [-Wunused-variable]
  unsigned char mac_ethernet_address[] = SRC_MAC_ADDR;
                ^~~~~~~~~~~~~~~~~~~~
../src/main.c:241:29: warning: unused variable 'gw' [-Wunused-variable]
  ip_addr_t ipaddr, netmask, gw;
                             ^~
../src/main.c:241:20: warning: unused variable 'netmask' [-Wunused-variable]
  ip_addr_t ipaddr, netmask, gw;
                    ^~~~~~~
../src/main.c:241:12: warning: unused variable 'ipaddr' [-Wunused-variable]
  ip_addr_t ipaddr, netmask, gw;
            ^~~~~~
'Finished building: ../src/main.c'
' '
'Building target: client_proj.elf'
'Invoking: MicroBlaze gcc linker'
mb-gcc -Wl,-T -Wl,../src/lscript.ld -L../../client_proj_bsp/microblaze_0/lib -mlittle-endian -mcpu=v11.0 -mxl-soft-mul -Wl,--no-relax -Wl,--gc-sections -o "client_proj.elf"  ./src/i2c_access.o ./src/iic_phyreset.o ./src/main.o ./src/platform.o ./src/platform_mb.o ./src/platform_ppc.o ./src/platform_zynq.o ./src/platform_zynqmp.o ./src/sfp.o ./src/si5324.o   -Wl,--start-group,-lxil,-lgcc,-lc,--end-group -Wl,--start-group,-lxil,-llwip4,-lgcc,-lc,--end-group
'Finished building target: client_proj.elf'
' '
'Invoking: MicroBlaze Print Size'
mb-size client_proj.elf  |tee "client_proj.elf.size"
   text	   data	    bss	    dec	    hex	filename
  67696	   1384	3796560	3865640	 3afc28	client_proj.elf
'Finished building: client_proj.elf.size'
' '
21:48:29 **** Incremental Build of configuration Debug for project client_proj ****
make all 
make: Nothing to be done for 'all'.
21:49:26 **** Auto Build of configuration Debug for project client_proj ****
make all 
'Building file: ../src/main.c'
'Invoking: MicroBlaze gcc compiler'
mb-gcc -Wall -O0 -g3 -c -fmessage-length=0 -MT"src/main.o" -I../../client_proj_bsp/microblaze_0/include -mlittle-endian -mcpu=v11.0 -mxl-soft-mul -Wl,--no-relax -ffunction-sections -fdata-sections -MMD -MP -MF"src/main.d" -MT"src/main.o" -o "src/main.o" "../src/main.c"
../src/main.c: In function 'main':
../src/main.c:391:2: warning: "/*" within comment [-Wcomment]
  /* Create a new DHCP client for this interface.
   
../src/main.c:245:16: warning: unused variable 'mac_ethernet_address' [-Wunused-variable]
  unsigned char mac_ethernet_address[] = SRC_MAC_ADDR;
                ^~~~~~~~~~~~~~~~~~~~
../src/main.c:241:29: warning: unused variable 'gw' [-Wunused-variable]
  ip_addr_t ipaddr, netmask, gw;
                             ^~
../src/main.c:241:20: warning: unused variable 'netmask' [-Wunused-variable]
  ip_addr_t ipaddr, netmask, gw;
                    ^~~~~~~
../src/main.c:241:12: warning: unused variable 'ipaddr' [-Wunused-variable]
  ip_addr_t ipaddr, netmask, gw;
            ^~~~~~
'Finished building: ../src/main.c'
' '
'Building target: client_proj.elf'
'Invoking: MicroBlaze gcc linker'
mb-gcc -Wl,-T -Wl,../src/lscript.ld -L../../client_proj_bsp/microblaze_0/lib -mlittle-endian -mcpu=v11.0 -mxl-soft-mul -Wl,--no-relax -Wl,--gc-sections -o "client_proj.elf"  ./src/i2c_access.o ./src/iic_phyreset.o ./src/main.o ./src/platform.o ./src/platform_mb.o ./src/platform_ppc.o ./src/platform_zynq.o ./src/platform_zynqmp.o ./src/sfp.o ./src/si5324.o   -Wl,--start-group,-lxil,-lgcc,-lc,--end-group -Wl,--start-group,-lxil,-llwip4,-lgcc,-lc,--end-group
'Finished building target: client_proj.elf'
' '
'Invoking: MicroBlaze Print Size'
mb-size client_proj.elf  |tee "client_proj.elf.size"
   text	   data	    bss	    dec	    hex	filename
  67680	   1384	3796560	3865624	 3afc18	client_proj.elf
'Finished building: client_proj.elf.size'
' '
21:49:30 **** Incremental Build of configuration Debug for project client_proj ****
make all 
make: Nothing to be done for 'all'.
21:55:13 **** Auto Build of configuration Debug for project client_proj ****
make all 
'Building file: ../src/main.c'
'Invoking: MicroBlaze gcc compiler'
mb-gcc -Wall -O0 -g3 -c -fmessage-length=0 -MT"src/main.o" -I../../client_proj_bsp/microblaze_0/include -mlittle-endian -mcpu=v11.0 -mxl-soft-mul -Wl,--no-relax -ffunction-sections -fdata-sections -MMD -MP -MF"src/main.d" -MT"src/main.o" -o "src/main.o" "../src/main.c"
../src/main.c: In function 'main':
../src/main.c:391:2: warning: "/*" within comment [-Wcomment]
  /* Create a new DHCP client for this interface.
   
../src/main.c:245:16: warning: unused variable 'mac_ethernet_address' [-Wunused-variable]
  unsigned char mac_ethernet_address[] = SRC_MAC_ADDR;
                ^~~~~~~~~~~~~~~~~~~~
../src/main.c:241:29: warning: unused variable 'gw' [-Wunused-variable]
  ip_addr_t ipaddr, netmask, gw;
                             ^~
../src/main.c:241:20: warning: unused variable 'netmask' [-Wunused-variable]
  ip_addr_t ipaddr, netmask, gw;
                    ^~~~~~~
../src/main.c:241:12: warning: unused variable 'ipaddr' [-Wunused-variable]
  ip_addr_t ipaddr, netmask, gw;
            ^~~~~~
'Finished building: ../src/main.c'
' '
'Building target: client_proj.elf'
'Invoking: MicroBlaze gcc linker'
mb-gcc -Wl,-T -Wl,../src/lscript.ld -L../../client_proj_bsp/microblaze_0/lib -mlittle-endian -mcpu=v11.0 -mxl-soft-mul -Wl,--no-relax -Wl,--gc-sections -o "client_proj.elf"  ./src/i2c_access.o ./src/iic_phyreset.o ./src/main.o ./src/platform.o ./src/platform_mb.o ./src/platform_ppc.o ./src/platform_zynq.o ./src/platform_zynqmp.o ./src/sfp.o ./src/si5324.o   -Wl,--start-group,-lxil,-lgcc,-lc,--end-group -Wl,--start-group,-lxil,-llwip4,-lgcc,-lc,--end-group
'Finished building target: client_proj.elf'
' '
'Invoking: MicroBlaze Print Size'
mb-size client_proj.elf  |tee "client_proj.elf.size"
   text	   data	    bss	    dec	    hex	filename
  67620	   1384	3796564	3865568	 3afbe0	client_proj.elf
'Finished building: client_proj.elf.size'
' '
21:55:20 **** Incremental Build of configuration Debug for project client_proj ****
make all 
make: Nothing to be done for 'all'.
22:30:55 **** Auto Build of configuration Debug for project client_proj ****
make all 
'Building file: ../src/main.c'
'Invoking: MicroBlaze gcc compiler'
mb-gcc -Wall -O0 -g3 -c -fmessage-length=0 -MT"src/main.o" -I../../client_proj_bsp/microblaze_0/include -mlittle-endian -mcpu=v11.0 -mxl-soft-mul -Wl,--no-relax -ffunction-sections -fdata-sections -MMD -MP -MF"src/main.d" -MT"src/main.o" -o "src/main.o" "../src/main.c"
../src/main.c: In function 'main':
../src/main.c:394:2: warning: "/*" within comment [-Wcomment]
  /* Create a new DHCP client for this interface.
   
../src/main.c:245:16: warning: unused variable 'mac_ethernet_address' [-Wunused-variable]
  unsigned char mac_ethernet_address[] = SRC_MAC_ADDR;
                ^~~~~~~~~~~~~~~~~~~~
../src/main.c:241:29: warning: unused variable 'gw' [-Wunused-variable]
  ip_addr_t ipaddr, netmask, gw;
                             ^~
../src/main.c:241:20: warning: unused variable 'netmask' [-Wunused-variable]
  ip_addr_t ipaddr, netmask, gw;
                    ^~~~~~~
../src/main.c:241:12: warning: unused variable 'ipaddr' [-Wunused-variable]
  ip_addr_t ipaddr, netmask, gw;
            ^~~~~~
'Finished building: ../src/main.c'
' '
'Building target: client_proj.elf'
'Invoking: MicroBlaze gcc linker'
mb-gcc -Wl,-T -Wl,../src/lscript.ld -L../../client_proj_bsp/microblaze_0/lib -mlittle-endian -mcpu=v11.0 -mxl-soft-mul -Wl,--no-relax -Wl,--gc-sections -o "client_proj.elf"  ./src/i2c_access.o ./src/iic_phyreset.o ./src/main.o ./src/platform.o ./src/platform_mb.o ./src/platform_ppc.o ./src/platform_zynq.o ./src/platform_zynqmp.o ./src/sfp.o ./src/si5324.o   -Wl,--start-group,-lxil,-lgcc,-lc,--end-group -Wl,--start-group,-lxil,-llwip4,-lgcc,-lc,--end-group
'Finished building target: client_proj.elf'
' '
'Invoking: MicroBlaze Print Size'
mb-size client_proj.elf  |tee "client_proj.elf.size"
   text	   data	    bss	    dec	    hex	filename
  67032	   1384	3796560	3864976	 3af990	client_proj.elf
'Finished building: client_proj.elf.size'
' '
22:31:00 **** Incremental Build of configuration Debug for project client_proj ****
make all 
make: Nothing to be done for 'all'.
22:31:36 **** Incremental Build of configuration Debug for project client_proj ****
make all 
make: Nothing to be done for 'all'.
22:32:18 **** Incremental Build of configuration Debug for project client_proj ****
make all 
make: Nothing to be done for 'all'.
22:34:04 **** Auto Build of configuration Debug for project client_proj ****
make all 
'Building file: ../src/main.c'
'Invoking: MicroBlaze gcc compiler'
mb-gcc -Wall -O0 -g3 -c -fmessage-length=0 -MT"src/main.o" -I../../client_proj_bsp/microblaze_0/include -mlittle-endian -mcpu=v11.0 -mxl-soft-mul -Wl,--no-relax -ffunction-sections -fdata-sections -MMD -MP -MF"src/main.d" -MT"src/main.o" -o "src/main.o" "../src/main.c"
../src/main.c: In function 'main':
../src/main.c:394:2: warning: "/*" within comment [-Wcomment]
  /* Create a new DHCP client for this interface.
   
../src/main.c:245:16: warning: unused variable 'mac_ethernet_address' [-Wunused-variable]
  unsigned char mac_ethernet_address[] = SRC_MAC_ADDR;
                ^~~~~~~~~~~~~~~~~~~~
../src/main.c:241:29: warning: unused variable 'gw' [-Wunused-variable]
  ip_addr_t ipaddr, netmask, gw;
                             ^~
../src/main.c:241:20: warning: unused variable 'netmask' [-Wunused-variable]
  ip_addr_t ipaddr, netmask, gw;
                    ^~~~~~~
../src/main.c:241:12: warning: unused variable 'ipaddr' [-Wunused-variable]
  ip_addr_t ipaddr, netmask, gw;
            ^~~~~~
'Finished building: ../src/main.c'
' '
'Building target: client_proj.elf'
'Invoking: MicroBlaze gcc linker'
mb-gcc -Wl,-T -Wl,../src/lscript.ld -L../../client_proj_bsp/microblaze_0/lib -mlittle-endian -mcpu=v11.0 -mxl-soft-mul -Wl,--no-relax -Wl,--gc-sections -o "client_proj.elf"  ./src/i2c_access.o ./src/iic_phyreset.o ./src/main.o ./src/platform.o ./src/platform_mb.o ./src/platform_ppc.o ./src/platform_zynq.o ./src/platform_zynqmp.o ./src/sfp.o ./src/si5324.o   -Wl,--start-group,-lxil,-lgcc,-lc,--end-group -Wl,--start-group,-lxil,-llwip4,-lgcc,-lc,--end-group
'Finished building target: client_proj.elf'
' '
'Invoking: MicroBlaze Print Size'
mb-size client_proj.elf  |tee "client_proj.elf.size"
   text	   data	    bss	    dec	    hex	filename
  67032	   1384	3796560	3864976	 3af990	client_proj.elf
'Finished building: client_proj.elf.size'
' '
22:34:48 **** Incremental Build of configuration Debug for project client_proj ****
make all 
make: Nothing to be done for 'all'.
22:35:01 **** Incremental Build of configuration Debug for project client_proj ****
make all 
make: Nothing to be done for 'all'.
22:35:34 **** Incremental Build of configuration Debug for project client_proj ****
make all 
make: Nothing to be done for 'all'.
22:36:30 **** Auto Build of configuration Debug for project client_proj ****
make all 
'Building file: ../src/main.c'
'Invoking: MicroBlaze gcc compiler'
mb-gcc -Wall -O0 -g3 -c -fmessage-length=0 -MT"src/main.o" -I../../client_proj_bsp/microblaze_0/include -mlittle-endian -mcpu=v11.0 -mxl-soft-mul -Wl,--no-relax -ffunction-sections -fdata-sections -MMD -MP -MF"src/main.d" -MT"src/main.o" -o "src/main.o" "../src/main.c"
../src/main.c: In function 'main':
../src/main.c:394:2: warning: "/*" within comment [-Wcomment]
  /* Create a new DHCP client for this interface.
   
../src/main.c:245:16: warning: unused variable 'mac_ethernet_address' [-Wunused-variable]
  unsigned char mac_ethernet_address[] = SRC_MAC_ADDR;
                ^~~~~~~~~~~~~~~~~~~~
../src/main.c:241:29: warning: unused variable 'gw' [-Wunused-variable]
  ip_addr_t ipaddr, netmask, gw;
                             ^~
../src/main.c:241:20: warning: unused variable 'netmask' [-Wunused-variable]
  ip_addr_t ipaddr, netmask, gw;
                    ^~~~~~~
../src/main.c:241:12: warning: unused variable 'ipaddr' [-Wunused-variable]
  ip_addr_t ipaddr, netmask, gw;
            ^~~~~~
'Finished building: ../src/main.c'
' '
'Building target: client_proj.elf'
'Invoking: MicroBlaze gcc linker'
mb-gcc -Wl,-T -Wl,../src/lscript.ld -L../../client_proj_bsp/microblaze_0/lib -mlittle-endian -mcpu=v11.0 -mxl-soft-mul -Wl,--no-relax -Wl,--gc-sections -o "client_proj.elf"  ./src/i2c_access.o ./src/iic_phyreset.o ./src/main.o ./src/platform.o ./src/platform_mb.o ./src/platform_ppc.o ./src/platform_zynq.o ./src/platform_zynqmp.o ./src/sfp.o ./src/si5324.o   -Wl,--start-group,-lxil,-lgcc,-lc,--end-group -Wl,--start-group,-lxil,-llwip4,-lgcc,-lc,--end-group
'Finished building target: client_proj.elf'
' '
'Invoking: MicroBlaze Print Size'
mb-size client_proj.elf  |tee "client_proj.elf.size"
   text	   data	    bss	    dec	    hex	filename
  67040	   1384	3796560	3864984	 3af998	client_proj.elf
'Finished building: client_proj.elf.size'
' '
22:36:34 **** Incremental Build of configuration Debug for project client_proj ****
make all 
make: Nothing to be done for 'all'.
22:36:48 **** Incremental Build of configuration Debug for project client_proj ****
make all 
make: Nothing to be done for 'all'.
22:38:44 **** Incremental Build of configuration Debug for project client_proj ****
make all 
make: Nothing to be done for 'all'.
22:40:33 **** Incremental Build of configuration Debug for project client_proj ****
make all 
make: Nothing to be done for 'all'.
22:40:52 **** Incremental Build of configuration Debug for project client_proj ****
make all 
make: Nothing to be done for 'all'.
22:41:23 **** Incremental Build of configuration Debug for project client_proj ****
make all 
make: Nothing to be done for 'all'.
22:41:49 **** Auto Build of configuration Debug for project client_proj ****
make all 
'Building file: ../src/main.c'
'Invoking: MicroBlaze gcc compiler'
mb-gcc -Wall -O0 -g3 -c -fmessage-length=0 -MT"src/main.o" -I../../client_proj_bsp/microblaze_0/include -mlittle-endian -mcpu=v11.0 -mxl-soft-mul -Wl,--no-relax -ffunction-sections -fdata-sections -MMD -MP -MF"src/main.d" -MT"src/main.o" -o "src/main.o" "../src/main.c"
../src/main.c: In function 'main':
../src/main.c:394:2: warning: "/*" within comment [-Wcomment]
  /* Create a new DHCP client for this interface.
   
../src/main.c:245:16: warning: unused variable 'mac_ethernet_address' [-Wunused-variable]
  unsigned char mac_ethernet_address[] = SRC_MAC_ADDR;
                ^~~~~~~~~~~~~~~~~~~~
../src/main.c:241:29: warning: unused variable 'gw' [-Wunused-variable]
  ip_addr_t ipaddr, netmask, gw;
                             ^~
../src/main.c:241:20: warning: unused variable 'netmask' [-Wunused-variable]
  ip_addr_t ipaddr, netmask, gw;
                    ^~~~~~~
../src/main.c:241:12: warning: unused variable 'ipaddr' [-Wunused-variable]
  ip_addr_t ipaddr, netmask, gw;
            ^~~~~~
'Finished building: ../src/main.c'
' '
'Building target: client_proj.elf'
'Invoking: MicroBlaze gcc linker'
mb-gcc -Wl,-T -Wl,../src/lscript.ld -L../../client_proj_bsp/microblaze_0/lib -mlittle-endian -mcpu=v11.0 -mxl-soft-mul -Wl,--no-relax -Wl,--gc-sections -o "client_proj.elf"  ./src/i2c_access.o ./src/iic_phyreset.o ./src/main.o ./src/platform.o ./src/platform_mb.o ./src/platform_ppc.o ./src/platform_zynq.o ./src/platform_zynqmp.o ./src/sfp.o ./src/si5324.o   -Wl,--start-group,-lxil,-lgcc,-lc,--end-group -Wl,--start-group,-lxil,-llwip4,-lgcc,-lc,--end-group
'Finished building target: client_proj.elf'
' '
'Invoking: MicroBlaze Print Size'
mb-size client_proj.elf  |tee "client_proj.elf.size"
   text	   data	    bss	    dec	    hex	filename
  67040	   1384	3796560	3864984	 3af998	client_proj.elf
'Finished building: client_proj.elf.size'
' '
22:43:06 **** Incremental Build of configuration Debug for project client_proj ****
make all 
make: Nothing to be done for 'all'.
22:43:35 **** Incremental Build of configuration Debug for project client_proj ****
make all 
make: Nothing to be done for 'all'.
22:43:50 **** Incremental Build of configuration Debug for project client_proj ****
make all 
make: Nothing to be done for 'all'.
22:44:09 **** Incremental Build of configuration Debug for project client_proj ****
make all 
make: Nothing to be done for 'all'.
22:47:22 **** Auto Build of configuration Debug for project client_proj ****
make all 
'Building file: ../src/main.c'
'Invoking: MicroBlaze gcc compiler'
mb-gcc -Wall -O0 -g3 -c -fmessage-length=0 -MT"src/main.o" -I../../client_proj_bsp/microblaze_0/include -mlittle-endian -mcpu=v11.0 -mxl-soft-mul -Wl,--no-relax -ffunction-sections -fdata-sections -MMD -MP -MF"src/main.d" -MT"src/main.o" -o "src/main.o" "../src/main.c"
../src/main.c: In function 'main':
../src/main.c:394:2: warning: "/*" within comment [-Wcomment]
  /* Create a new DHCP client for this interface.
   
../src/main.c:245:16: warning: unused variable 'mac_ethernet_address' [-Wunused-variable]
  unsigned char mac_ethernet_address[] = SRC_MAC_ADDR;
                ^~~~~~~~~~~~~~~~~~~~
../src/main.c:241:29: warning: unused variable 'gw' [-Wunused-variable]
  ip_addr_t ipaddr, netmask, gw;
                             ^~
../src/main.c:241:20: warning: unused variable 'netmask' [-Wunused-variable]
  ip_addr_t ipaddr, netmask, gw;
                    ^~~~~~~
../src/main.c:241:12: warning: unused variable 'ipaddr' [-Wunused-variable]
  ip_addr_t ipaddr, netmask, gw;
            ^~~~~~
'Finished building: ../src/main.c'
' '
'Building target: client_proj.elf'
'Invoking: MicroBlaze gcc linker'
mb-gcc -Wl,-T -Wl,../src/lscript.ld -L../../client_proj_bsp/microblaze_0/lib -mlittle-endian -mcpu=v11.0 -mxl-soft-mul -Wl,--no-relax -Wl,--gc-sections -o "client_proj.elf"  ./src/i2c_access.o ./src/iic_phyreset.o ./src/main.o ./src/platform.o ./src/platform_mb.o ./src/platform_ppc.o ./src/platform_zynq.o ./src/platform_zynqmp.o ./src/sfp.o ./src/si5324.o   -Wl,--start-group,-lxil,-lgcc,-lc,--end-group -Wl,--start-group,-lxil,-llwip4,-lgcc,-lc,--end-group
'Finished building target: client_proj.elf'
' '
'Invoking: MicroBlaze Print Size'
mb-size client_proj.elf  |tee "client_proj.elf.size"
   text	   data	    bss	    dec	    hex	filename
  67040	   1384	3796560	3864984	 3af998	client_proj.elf
'Finished building: client_proj.elf.size'
' '
22:47:31 **** Incremental Build of configuration Debug for project client_proj ****
make all 
make: Nothing to be done for 'all'.
22:48:37 **** Auto Build of configuration Debug for project client_proj ****
make all 
'Building file: ../src/main.c'
'Invoking: MicroBlaze gcc compiler'
mb-gcc -Wall -O0 -g3 -c -fmessage-length=0 -MT"src/main.o" -I../../client_proj_bsp/microblaze_0/include -mlittle-endian -mcpu=v11.0 -mxl-soft-mul -Wl,--no-relax -ffunction-sections -fdata-sections -MMD -MP -MF"src/main.d" -MT"src/main.o" -o "src/main.o" "../src/main.c"
../src/main.c: In function 'main':
../src/main.c:394:2: warning: "/*" within comment [-Wcomment]
  /* Create a new DHCP client for this interface.
   
../src/main.c:245:16: warning: unused variable 'mac_ethernet_address' [-Wunused-variable]
[...]
                             ^~~~~~~~~
'Finished building: ../src/main.c'
' '
'Building target: client_proj.elf'
'Invoking: MicroBlaze gcc linker'
mb-gcc -Wl,-T -Wl,../src/lscript.ld -L../../client_proj_bsp/microblaze_0/lib -mlittle-endian -mcpu=v11.0 -mxl-soft-mul -Wl,--no-relax -Wl,--gc-sections -o "client_proj.elf"  ./src/i2c_access.o ./src/iic_phyreset.o ./src/main.o ./src/platform.o ./src/platform_mb.o ./src/platform_ppc.o ./src/platform_zynq.o ./src/platform_zynqmp.o ./src/sfp.o ./src/si5324.o   -Wl,--start-group,-lxil,-lgcc,-lc,--end-group -Wl,--start-group,-lxil,-llwip4,-lgcc,-lc,--end-group
'Finished building target: client_proj.elf'
' '
'Invoking: MicroBlaze Print Size'
mb-size client_proj.elf  |tee "client_proj.elf.size"
   text	   data	    bss	    dec	    hex	filename
 134372	   1432	3962380	4098184	 3e8888	client_proj.elf
'Finished building: client_proj.elf.size'
' '
21:51:49 **** Incremental Build of configuration Debug for project client_proj ****
make all 
make: Nothing to be done for 'all'.
22:42:06 **** Incremental Build of configuration Debug for project client_proj ****
make all 
make: Nothing to be done for 'all'.
22:42:29 **** Incremental Build of configuration Debug for project client_proj ****
make all 
make: Nothing to be done for 'all'.
22:45:07 **** Incremental Build of configuration Debug for project client_proj ****
make all 
make: Nothing to be done for 'all'.
22:50:24 **** Incremental Build of configuration Debug for project client_proj ****
make all 
make: Nothing to be done for 'all'.
22:52:06 **** Incremental Build of configuration Debug for project client_proj ****
make all 
make: Nothing to be done for 'all'.
22:56:44 **** Incremental Build of configuration Debug for project client_proj ****
make all 
make: Nothing to be done for 'all'.
22:57:10 **** Incremental Build of configuration Debug for project client_proj ****
make all 
make: Nothing to be done for 'all'.
22:58:24 **** Incremental Build of configuration Debug for project client_proj ****
make all 
make: Nothing to be done for 'all'.
23:02:03 **** Auto Build of configuration Debug for project client_proj ****
make all 
'Building file: ../src/main.c'
'Invoking: MicroBlaze gcc compiler'
mb-gcc -Wall -O0 -g3 -c -fmessage-length=0 -MT"src/main.o" -I../../client_proj_bsp/microblaze_0/include -mlittle-endian -mcpu=v11.0 -mxl-soft-mul -Wl,--no-relax -ffunction-sections -fdata-sections -MMD -MP -MF"src/main.d" -MT"src/main.o" -o "src/main.o" "../src/main.c"
../src/main.c: In function 'main':
../src/main.c:322:29: warning: initialization discards 'volatile' qualifier from pointer target type [-Wdiscarded-qualifiers]
  unsigned int * hash_ctrl = hash_base+13;
                             ^~~~~~~~~
'Finished building: ../src/main.c'
' '
'Building target: client_proj.elf'
'Invoking: MicroBlaze gcc linker'
mb-gcc -Wl,-T -Wl,../src/lscript.ld -L../../client_proj_bsp/microblaze_0/lib -mlittle-endian -mcpu=v11.0 -mxl-soft-mul -Wl,--no-relax -Wl,--gc-sections -o "client_proj.elf"  ./src/i2c_access.o ./src/iic_phyreset.o ./src/main.o ./src/platform.o ./src/platform_mb.o ./src/platform_ppc.o ./src/platform_zynq.o ./src/platform_zynqmp.o ./src/sfp.o ./src/si5324.o   -Wl,--start-group,-lxil,-lgcc,-lc,--end-group -Wl,--start-group,-lxil,-llwip4,-lgcc,-lc,--end-group
'Finished building target: client_proj.elf'
' '
'Invoking: MicroBlaze Print Size'
mb-size client_proj.elf  |tee "client_proj.elf.size"
   text	   data	    bss	    dec	    hex	filename
 134336	   1432	3962376	4098144	 3e8860	client_proj.elf
'Finished building: client_proj.elf.size'
' '
23:02:10 **** Auto Build of configuration Debug for project client_proj ****
make all 
'Building file: ../src/main.c'
'Invoking: MicroBlaze gcc compiler'
mb-gcc -Wall -O0 -g3 -c -fmessage-length=0 -MT"src/main.o" -I../../client_proj_bsp/microblaze_0/include -mlittle-endian -mcpu=v11.0 -mxl-soft-mul -Wl,--no-relax -ffunction-sections -fdata-sections -MMD -MP -MF"src/main.d" -MT"src/main.o" -o "src/main.o" "../src/main.c"
../src/main.c: In function 'main':
../src/main.c:322:29: warning: initialization discards 'volatile' qualifier from pointer target type [-Wdiscarded-qualifiers]
  unsigned int * hash_ctrl = hash_base+13;
                             ^~~~~~~~~
'Finished building: ../src/main.c'
' '
'Building target: client_proj.elf'
'Invoking: MicroBlaze gcc linker'
mb-gcc -Wl,-T -Wl,../src/lscript.ld -L../../client_proj_bsp/microblaze_0/lib -mlittle-endian -mcpu=v11.0 -mxl-soft-mul -Wl,--no-relax -Wl,--gc-sections -o "client_proj.elf"  ./src/i2c_access.o ./src/iic_phyreset.o ./src/main.o ./src/platform.o ./src/platform_mb.o ./src/platform_ppc.o ./src/platform_zynq.o ./src/platform_zynqmp.o ./src/sfp.o ./src/si5324.o   -Wl,--start-group,-lxil,-lgcc,-lc,--end-group -Wl,--start-group,-lxil,-llwip4,-lgcc,-lc,--end-group
'Finished building target: client_proj.elf'
' '
'Invoking: MicroBlaze Print Size'
mb-size client_proj.elf  |tee "client_proj.elf.size"
   text	   data	    bss	    dec	    hex	filename
 134332	   1432	3962380	4098144	 3e8860	client_proj.elf
'Finished building: client_proj.elf.size'
' '
23:02:36 **** Incremental Build of configuration Debug for project client_proj ****
make all 
make: Nothing to be done for 'all'.
23:06:18 **** Auto Build of configuration Debug for project client_proj ****
make all 
'Building file: ../src/main.c'
'Invoking: MicroBlaze gcc compiler'
mb-gcc -Wall -O0 -g3 -c -fmessage-length=0 -MT"src/main.o" -I../../client_proj_bsp/microblaze_0/include -mlittle-endian -mcpu=v11.0 -mxl-soft-mul -Wl,--no-relax -ffunction-sections -fdata-sections -MMD -MP -MF"src/main.d" -MT"src/main.o" -o "src/main.o" "../src/main.c"
../src/main.c: In function 'main':
../src/main.c:322:29: warning: initialization discards 'volatile' qualifier from pointer target type [-Wdiscarded-qualifiers]
  unsigned int * hash_ctrl = hash_base+13;
                             ^~~~~~~~~
'Finished building: ../src/main.c'
' '
'Building target: client_proj.elf'
'Invoking: MicroBlaze gcc linker'
mb-gcc -Wl,-T -Wl,../src/lscript.ld -L../../client_proj_bsp/microblaze_0/lib -mlittle-endian -mcpu=v11.0 -mxl-soft-mul -Wl,--no-relax -Wl,--gc-sections -o "client_proj.elf"  ./src/i2c_access.o ./src/iic_phyreset.o ./src/main.o ./src/platform.o ./src/platform_mb.o ./src/platform_ppc.o ./src/platform_zynq.o ./src/platform_zynqmp.o ./src/sfp.o ./src/si5324.o   -Wl,--start-group,-lxil,-lgcc,-lc,--end-group -Wl,--start-group,-lxil,-llwip4,-lgcc,-lc,--end-group
'Finished building target: client_proj.elf'
' '
'Invoking: MicroBlaze Print Size'
mb-size client_proj.elf  |tee "client_proj.elf.size"
   text	   data	    bss	    dec	    hex	filename
 134372	   1432	3962380	4098184	 3e8888	client_proj.elf
'Finished building: client_proj.elf.size'
' '
23:06:54 **** Incremental Build of configuration Debug for project client_proj ****
make all 
make: Nothing to be done for 'all'.
23:07:44 **** Incremental Build of configuration Debug for project client_proj ****
make all 
make: Nothing to be done for 'all'.
23:11:26 **** Auto Build of configuration Debug for project client_proj ****
make all 
'Building file: ../src/main.c'
'Invoking: MicroBlaze gcc compiler'
mb-gcc -Wall -O0 -g3 -c -fmessage-length=0 -MT"src/main.o" -I../../client_proj_bsp/microblaze_0/include -mlittle-endian -mcpu=v11.0 -mxl-soft-mul -Wl,--no-relax -ffunction-sections -fdata-sections -MMD -MP -MF"src/main.d" -MT"src/main.o" -o "src/main.o" "../src/main.c"
../src/main.c: In function 'main':
../src/main.c:322:29: warning: initialization discards 'volatile' qualifier from pointer target type [-Wdiscarded-qualifiers]
  unsigned int * hash_ctrl = hash_base+13;
                             ^~~~~~~~~
'Finished building: ../src/main.c'
' '
'Building target: client_proj.elf'
'Invoking: MicroBlaze gcc linker'
mb-gcc -Wl,-T -Wl,../src/lscript.ld -L../../client_proj_bsp/microblaze_0/lib -mlittle-endian -mcpu=v11.0 -mxl-soft-mul -Wl,--no-relax -Wl,--gc-sections -o "client_proj.elf"  ./src/i2c_access.o ./src/iic_phyreset.o ./src/main.o ./src/platform.o ./src/platform_mb.o ./src/platform_ppc.o ./src/platform_zynq.o ./src/platform_zynqmp.o ./src/sfp.o ./src/si5324.o   -Wl,--start-group,-lxil,-lgcc,-lc,--end-group -Wl,--start-group,-lxil,-llwip4,-lgcc,-lc,--end-group
'Finished building target: client_proj.elf'
' '
'Invoking: MicroBlaze Print Size'
mb-size client_proj.elf  |tee "client_proj.elf.size"
   text	   data	    bss	    dec	    hex	filename
 135000	   1432	3962376	4098808	 3e8af8	client_proj.elf
'Finished building: client_proj.elf.size'
' '
23:11:41 **** Incremental Build of configuration Debug for project client_proj ****
make all 
make: Nothing to be done for 'all'.
23:13:10 **** Incremental Build of configuration Debug for project client_proj ****
make all 
make: Nothing to be done for 'all'.
23:29:39 **** Auto Build of configuration Debug for project client_proj ****
make all 
'Building file: ../src/main.c'
'Invoking: MicroBlaze gcc compiler'
mb-gcc -Wall -O0 -g3 -c -fmessage-length=0 -MT"src/main.o" -I../../client_proj_bsp/microblaze_0/include -mlittle-endian -mcpu=v11.0 -mxl-soft-mul -Wl,--no-relax -ffunction-sections -fdata-sections -MMD -MP -MF"src/main.d" -MT"src/main.o" -o "src/main.o" "../src/main.c"
../src/main.c: In function 'main':
../src/main.c:320:29: warning: initialization discards 'volatile' qualifier from pointer target type [-Wdiscarded-qualifiers]
  unsigned int * hash_ctrl = hash_base+13;
                             ^~~~~~~~~
'Finished building: ../src/main.c'
' '
'Building target: client_proj.elf'
'Invoking: MicroBlaze gcc linker'
mb-gcc -Wl,-T -Wl,../src/lscript.ld -L../../client_proj_bsp/microblaze_0/lib -mlittle-endian -mcpu=v11.0 -mxl-soft-mul -Wl,--no-relax -Wl,--gc-sections -o "client_proj.elf"  ./src/i2c_access.o ./src/iic_phyreset.o ./src/main.o ./src/platform.o ./src/platform_mb.o ./src/platform_ppc.o ./src/platform_zynq.o ./src/platform_zynqmp.o ./src/sfp.o ./src/si5324.o   -Wl,--start-group,-lxil,-lgcc,-lc,--end-group -Wl,--start-group,-lxil,-llwip4,-lgcc,-lc,--end-group
'Finished building target: client_proj.elf'
' '
'Invoking: MicroBlaze Print Size'
mb-size client_proj.elf  |tee "client_proj.elf.size"
   text	   data	    bss	    dec	    hex	filename
 131440	   1432	3962376	4095248	 3e7d10	client_proj.elf
'Finished building: client_proj.elf.size'
' '
23:30:58 **** Auto Build of configuration Debug for project client_proj ****
make all 
'Building file: ../src/main.c'
'Invoking: MicroBlaze gcc compiler'
mb-gcc -Wall -O0 -g3 -c -fmessage-length=0 -MT"src/main.o" -I../../client_proj_bsp/microblaze_0/include -mlittle-endian -mcpu=v11.0 -mxl-soft-mul -Wl,--no-relax -ffunction-sections -fdata-sections -MMD -MP -MF"src/main.d" -MT"src/main.o" -o "src/main.o" "../src/main.c"
../src/main.c: In function 'main':
../src/main.c:320:29: warning: initialization discards 'volatile' qualifier from pointer target type [-Wdiscarded-qualifiers]
  unsigned int * hash_ctrl = hash_base+13;
                             ^~~~~~~~~
'Finished building: ../src/main.c'
' '
'Building target: client_proj.elf'
'Invoking: MicroBlaze gcc linker'
mb-gcc -Wl,-T -Wl,../src/lscript.ld -L../../client_proj_bsp/microblaze_0/lib -mlittle-endian -mcpu=v11.0 -mxl-soft-mul -Wl,--no-relax -Wl,--gc-sections -o "client_proj.elf"  ./src/i2c_access.o ./src/iic_phyreset.o ./src/main.o ./src/platform.o ./src/platform_mb.o ./src/platform_ppc.o ./src/platform_zynq.o ./src/platform_zynqmp.o ./src/sfp.o ./src/si5324.o   -Wl,--start-group,-lxil,-lgcc,-lc,--end-group -Wl,--start-group,-lxil,-llwip4,-lgcc,-lc,--end-group
'Finished building target: client_proj.elf'
' '
'Invoking: MicroBlaze Print Size'
mb-size client_proj.elf  |tee "client_proj.elf.size"
   text	   data	    bss	    dec	    hex	filename
 131440	   1432	3962376	4095248	 3e7d10	client_proj.elf
'Finished building: client_proj.elf.size'
' '
23:31:03 **** Auto Build of configuration Debug for project client_proj ****
make all 
'Building file: ../src/main.c'
'Invoking: MicroBlaze gcc compiler'
mb-gcc -Wall -O0 -g3 -c -fmessage-length=0 -MT"src/main.o" -I../../client_proj_bsp/microblaze_0/include -mlittle-endian -mcpu=v11.0 -mxl-soft-mul -Wl,--no-relax -ffunction-sections -fdata-sections -MMD -MP -MF"src/main.d" -MT"src/main.o" -o "src/main.o" "../src/main.c"
../src/main.c: In function 'main':
../src/main.c:320:29: warning: initialization discards 'volatile' qualifier from pointer target type [-Wdiscarded-qualifiers]
  unsigned int * hash_ctrl = hash_base+13;
                             ^~~~~~~~~
'Finished building: ../src/main.c'
' '
'Building target: client_proj.elf'
'Invoking: MicroBlaze gcc linker'
mb-gcc -Wl,-T -Wl,../src/lscript.ld -L../../client_proj_bsp/microblaze_0/lib -mlittle-endian -mcpu=v11.0 -mxl-soft-mul -Wl,--no-relax -Wl,--gc-sections -o "client_proj.elf"  ./src/i2c_access.o ./src/iic_phyreset.o ./src/main.o ./src/platform.o ./src/platform_mb.o ./src/platform_ppc.o ./src/platform_zynq.o ./src/platform_zynqmp.o ./src/sfp.o ./src/si5324.o   -Wl,--start-group,-lxil,-lgcc,-lc,--end-group -Wl,--start-group,-lxil,-llwip4,-lgcc,-lc,--end-group
'Finished building target: client_proj.elf'
' '
'Invoking: MicroBlaze Print Size'
mb-size client_proj.elf  |tee "client_proj.elf.size"
   text	   data	    bss	    dec	    hex	filename
 131440	   1432	3962376	4095248	 3e7d10	client_proj.elf
'Finished building: client_proj.elf.size'
' '
23:38:17 **** Auto Build of configuration Debug for project client_proj ****
make all 
'Building file: ../src/main.c'
'Invoking: MicroBlaze gcc compiler'
mb-gcc -Wall -O0 -g3 -c -fmessage-length=0 -MT"src/main.o" -I../../client_proj_bsp/microblaze_0/include -mlittle-endian -mcpu=v11.0 -mxl-soft-mul -Wl,--no-relax -ffunction-sections -fdata-sections -MMD -MP -MF"src/main.d" -MT"src/main.o" -o "src/main.o" "../src/main.c"
../src/main.c: In function 'main':
../src/main.c:321:29: warning: initialization discards 'volatile' qualifier from pointer target type [-Wdiscarded-qualifiers]
  unsigned int * hash_ctrl = hash_base+13;
                             ^~~~~~~~~
'Finished building: ../src/main.c'
' '
'Building target: client_proj.elf'
'Invoking: MicroBlaze gcc linker'
mb-gcc -Wl,-T -Wl,../src/lscript.ld -L../../client_proj_bsp/microblaze_0/lib -mlittle-endian -mcpu=v11.0 -mxl-soft-mul -Wl,--no-relax -Wl,--gc-sections -o "client_proj.elf"  ./src/i2c_access.o ./src/iic_phyreset.o ./src/main.o ./src/platform.o ./src/platform_mb.o ./src/platform_ppc.o ./src/platform_zynq.o ./src/platform_zynqmp.o ./src/sfp.o ./src/si5324.o   -Wl,--start-group,-lxil,-lgcc,-lc,--end-group -Wl,--start-group,-lxil,-llwip4,-lgcc,-lc,--end-group
'Finished building target: client_proj.elf'
' '
'Invoking: MicroBlaze Print Size'
mb-size client_proj.elf  |tee "client_proj.elf.size"
   text	   data	    bss	    dec	    hex	filename
 131600	   1432	3962376	4095408	 3e7db0	client_proj.elf
'Finished building: client_proj.elf.size'
' '
23:38:50 **** Auto Build of configuration Debug for project client_proj ****
make all 
'Building file: ../src/main.c'
'Invoking: MicroBlaze gcc compiler'
mb-gcc -Wall -O0 -g3 -c -fmessage-length=0 -MT"src/main.o" -I../../client_proj_bsp/microblaze_0/include -mlittle-endian -mcpu=v11.0 -mxl-soft-mul -Wl,--no-relax -ffunction-sections -fdata-sections -MMD -MP -MF"src/main.d" -MT"src/main.o" -o "src/main.o" "../src/main.c"
../src/main.c: In function 'main':
../src/main.c:321:29: warning: initialization discards 'volatile' qualifier from pointer target type [-Wdiscarded-qualifiers]
  unsigned int * hash_ctrl = hash_base+13;
                             ^~~~~~~~~
'Finished building: ../src/main.c'
' '
'Building target: client_proj.elf'
'Invoking: MicroBlaze gcc linker'
mb-gcc -Wl,-T -Wl,../src/lscript.ld -L../../client_proj_bsp/microblaze_0/lib -mlittle-endian -mcpu=v11.0 -mxl-soft-mul -Wl,--no-relax -Wl,--gc-sections -o "client_proj.elf"  ./src/i2c_access.o ./src/iic_phyreset.o ./src/main.o ./src/platform.o ./src/platform_mb.o ./src/platform_ppc.o ./src/platform_zynq.o ./src/platform_zynqmp.o ./src/sfp.o ./src/si5324.o   -Wl,--start-group,-lxil,-lgcc,-lc,--end-group -Wl,--start-group,-lxil,-llwip4,-lgcc,-lc,--end-group
'Finished building target: client_proj.elf'
' '
'Invoking: MicroBlaze Print Size'
mb-size client_proj.elf  |tee "client_proj.elf.size"
   text	   data	    bss	    dec	    hex	filename
 131604	   1432	3962380	4095416	 3e7db8	client_proj.elf
'Finished building: client_proj.elf.size'
' '
23:39:44 **** Incremental Build of configuration Debug for project client_proj ****
make all 
make: Nothing to be done for 'all'.
23:40:58 **** Auto Build of configuration Debug for project client_proj ****
make all 
'Building file: ../src/main.c'
'Invoking: MicroBlaze gcc compiler'
mb-gcc -Wall -O0 -g3 -c -fmessage-length=0 -MT"src/main.o" -I../../client_proj_bsp/microblaze_0/include -mlittle-endian -mcpu=v11.0 -mxl-soft-mul -Wl,--no-relax -ffunction-sections -fdata-sections -MMD -MP -MF"src/main.d" -MT"src/main.o" -o "src/main.o" "../src/main.c"
../src/main.c: In function 'main':
../src/main.c:321:29: warning: initialization discards 'volatile' qualifier from pointer target type [-Wdiscarded-qualifiers]
  unsigned int * hash_ctrl = hash_base+13;
                             ^~~~~~~~~
'Finished building: ../src/main.c'
' '
'Building target: client_proj.elf'
'Invoking: MicroBlaze gcc linker'
mb-gcc -Wl,-T -Wl,../src/lscript.ld -L../../client_proj_bsp/microblaze_0/lib -mlittle-endian -mcpu=v11.0 -mxl-soft-mul -Wl,--no-relax -Wl,--gc-sections -o "client_proj.elf"  ./src/i2c_access.o ./src/iic_phyreset.o ./src/main.o ./src/platform.o ./src/platform_mb.o ./src/platform_ppc.o ./src/platform_zynq.o ./src/platform_zynqmp.o ./src/sfp.o ./src/si5324.o   -Wl,--start-group,-lxil,-lgcc,-lc,--end-group -Wl,--start-group,-lxil,-llwip4,-lgcc,-lc,--end-group
'Finished building target: client_proj.elf'
' '
'Invoking: MicroBlaze Print Size'
mb-size client_proj.elf  |tee "client_proj.elf.size"
   text	   data	    bss	    dec	    hex	filename
 131604	   1432	3962380	4095416	 3e7db8	client_proj.elf
'Finished building: client_proj.elf.size'
' '
23:41:02 **** Incremental Build of configuration Debug for project client_proj ****
make all 
make: Nothing to be done for 'all'.
23:48:28 **** Auto Build of configuration Debug for project client_proj ****
make all 
'Building file: ../src/main.c'
'Invoking: MicroBlaze gcc compiler'
mb-gcc -Wall -O0 -g3 -c -fmessage-length=0 -MT"src/main.o" -I../../client_proj_bsp/microblaze_0/include -mlittle-endian -mcpu=v11.0 -mxl-soft-mul -Wl,--no-relax -ffunction-sections -fdata-sections -MMD -MP -MF"src/main.d" -MT"src/main.o" -o "src/main.o" "../src/main.c"
../src/main.c: In function 'main':
../src/main.c:321:29: warning: initialization discards 'volatile' qualifier from pointer target type [-Wdiscarded-qualifiers]
  unsigned int * hash_ctrl = hash_base+13;
                             ^~~~~~~~~
'Finished building: ../src/main.c'
' '
'Building target: client_proj.elf'
'Invoking: MicroBlaze gcc linker'
mb-gcc -Wl,-T -Wl,../src/lscript.ld -L../../client_proj_bsp/microblaze_0/lib -mlittle-endian -mcpu=v11.0 -mxl-soft-mul -Wl,--no-relax -Wl,--gc-sections -o "client_proj.elf"  ./src/i2c_access.o ./src/iic_phyreset.o ./src/main.o ./src/platform.o ./src/platform_mb.o ./src/platform_ppc.o ./src/platform_zynq.o ./src/platform_zynqmp.o ./src/sfp.o ./src/si5324.o   -Wl,--start-group,-lxil,-lgcc,-lc,--end-group -Wl,--start-group,-lxil,-llwip4,-lgcc,-lc,--end-group
'Finished building target: client_proj.elf'
' '
'Invoking: MicroBlaze Print Size'
mb-size client_proj.elf  |tee "client_proj.elf.size"
   text	   data	    bss	    dec	    hex	filename
 131604	   1432	3962380	4095416	 3e7db8	client_proj.elf
'Finished building: client_proj.elf.size'
' '
23:48:31 **** Incremental Build of configuration Debug for project client_proj ****
make all 
make: Nothing to be done for 'all'.
23:49:07 **** Incremental Build of configuration Debug for project client_proj ****
make all 
make: Nothing to be done for 'all'.
