#-----------------------------------------------------------
# Vivado v2018.3.1 (64-bit)
# SW Build 2489853 on Tue Mar 26 04:20:25 MDT 2019
# IP Build 2486929 on Tue Mar 26 06:44:21 MDT 2019
# Start of session at: Tue Mar 15 21:51:06 2022
# Process ID: 6820
# Current directory: C:/Users/jiangja5/hash_server
# Command line: vivado.exe -gui_launcher_event rodinguilauncherevent7152 C:\Users\jiangja5\hash_server\hash_server.xpr
# Log file: C:/Users/jiangja5/hash_server/vivado.log
# Journal file: C:/Users/jiangja5/hash_server\vivado.jou
#-----------------------------------------------------------
start_gui
open_project C:/Users/jiangja5/hash_server/hash_server.xpr
launch_sdk -workspace C:/Users/jiangja5/hash_server/hash_server.sdk -hwspec C:/Users/jiangja5/hash_server/hash_server.sdk/design_1_wrapper.hdf
launch_sdk -workspace C:/Users/jiangja5/hash_server/hash_server.sdk -hwspec C:/Users/jiangja5/hash_server/hash_server.sdk/design_1_wrapper.hdf
open_bd_design {C:/Users/jiangja5/hash_server/hash_server.srcs/sources_1/bd/design_1/design_1.bd}
report_ip_status -name ip_status 
report_ip_status -name ip_status 
close_bd_design [get_bd_designs design_1]
update_ip_catalog -rebuild
write_hwdef -force  -file C:/Users/jiangja5/hash_server/hash_server.sdk/design_1_wrapper.hdf
launch_sdk -workspace C:/Users/jiangja5/hash_server/hash_server.sdk -hwspec C:/Users/jiangja5/hash_server/hash_server.sdk/design_1_wrapper.hdf
open_hw
connect_hw_server
open_hw_target
set_property PROGRAM.FILE {C:/Users/jiangja5/hash_server/hash_server.runs/impl_1/design_1_wrapper.bit} [get_hw_devices xc7a200t_0]
current_hw_device [get_hw_devices xc7a200t_0]
refresh_hw_device -update_hw_probes false [lindex [get_hw_devices xc7a200t_0] 0]
launch_sdk -workspace C:/Users/jiangja5/hash_server/hash_server.sdk -hwspec C:/Users/jiangja5/hash_server/hash_server.sdk/design_1_wrapper.hdf
set_property PROBES.FILE {} [get_hw_devices xc7a200t_0]
set_property FULL_PROBES.FILE {} [get_hw_devices xc7a200t_0]
set_property PROGRAM.FILE {C:/Users/jiangja5/hash_server/hash_server.runs/impl_1/design_1_wrapper.bit} [get_hw_devices xc7a200t_0]
program_hw_devices [get_hw_devices xc7a200t_0]
refresh_hw_device [lindex [get_hw_devices xc7a200t_0] 0]
