#-----------------------------------------------------------
# Vivado v2018.3.1 (64-bit)
# SW Build 2489853 on Tue Mar 26 04:20:25 MDT 2019
# IP Build 2486929 on Tue Mar 26 06:44:21 MDT 2019
# Start of session at: Tue Feb 22 21:58:07 2022
# Process ID: 8112
# Current directory: C:/Users/kimyou94/Feb_22_proj/hash_func_pipe
# Command line: vivado.exe -gui_launcher_event rodinguilauncherevent7376 C:\Users\kimyou94\Feb_22_proj\hash_func_pipe\hash_func_pipe.xpr
# Log file: C:/Users/kimyou94/Feb_22_proj/hash_func_pipe/vivado.log
# Journal file: C:/Users/kimyou94/Feb_22_proj/hash_func_pipe\vivado.jou
#-----------------------------------------------------------
start_gui
open_project C:/Users/kimyou94/Feb_22_proj/hash_func_pipe/hash_func_pipe.xpr
update_compile_order -fileset sources_1
launch_simulation
source hash_func_pipe_tb.tcl
close_sim
launch_simulation
source hash_func_pipe_tb.tcl
close_sim
# Disabling source management mode.  This is to allow the top design properties to be set without GUI intervention.
set_property source_mgmt_mode None [current_project]
set_property top fifo_tb [get_filesets sim_1]
set_property top_lib xil_defaultlib [get_filesets sim_1]
# Re-enabling previously disabled source management mode.
set_property source_mgmt_mode All [current_project]
update_compile_order -fileset sim_1
launch_simulation
source fifo_tb.tcl
close_sim
launch_simulation
source fifo_tb.tcl
close_sim
launch_simulation
source fifo_tb.tcl
current_wave_config {Untitled 5}
add_wave {{/fifo_tb/DUT/head_ptr}} {{/fifo_tb/DUT/tail_ptr}} {{/fifo_tb/DUT/FIFO}} 
restart
run all
restart
run all
close_sim
# Disabling source management mode.  This is to allow the top design properties to be set without GUI intervention.
set_property source_mgmt_mode None [current_project]
set_property top hash_func_top [get_filesets sim_1]
set_property top_lib xil_defaultlib [get_filesets sim_1]
# Re-enabling previously disabled source management mode.
set_property source_mgmt_mode All [current_project]
update_compile_order -fileset sim_1
# Disabling source management mode.  This is to allow the top design properties to be set without GUI intervention.
set_property source_mgmt_mode None [current_project]
set_property top hash_func_pipe_tb [get_filesets sim_1]
set_property top_lib xil_defaultlib [get_filesets sim_1]
# Re-enabling previously disabled source management mode.
set_property source_mgmt_mode All [current_project]
update_compile_order -fileset sim_1
launch_simulation
source hash_func_pipe_tb.tcl
close_sim
# Disabling source management mode.  This is to allow the top design properties to be set without GUI intervention.
set_property source_mgmt_mode None [current_project]
set_property top fifo_tb [get_filesets sim_1]
set_property top_lib xil_defaultlib [get_filesets sim_1]
# Re-enabling previously disabled source management mode.
set_property source_mgmt_mode All [current_project]
update_compile_order -fileset sim_1
launch_simulation
source fifo_tb.tcl
current_wave_config {Untitled 7}
add_wave {{/fifo_tb/DUT/head_ptr}} {{/fifo_tb/DUT/tail_ptr}} {{/fifo_tb/DUT/FIFO}} 
restart
run all
restart
run all
close_sim
launch_simulation
launch_simulation
source fifo_tb.tcl
current_wave_config {Untitled 8}
add_wave {{/fifo_tb/DUT/head_ptr}} {{/fifo_tb/DUT/tail_ptr}} {{/fifo_tb/DUT/FIFO}} 
restart
run all
restart
run all
close_sim
