#-----------------------------------------------------------
# updatemem v2018.3.1 (64-bit)
# SW Build 2489853 on Tue Mar 26 04:20:25 MDT 2019
# 
# Start of session at: Wed Feb 23 17:22:00 2022
# Process ID: 3108
# Current directory: C:/Users/kimyou94/Feb_23_proj/client_proj
# Command line: updatemem.exe -mode batch -source C:/DESL/Xilinx/SDK/2018.3/scripts/updatemem/main.tcl -notrace -tclargs -meminfo C:/Users/kimyou94/Feb_23_proj/client_proj/client_proj.sdk/design_1_wrapper_hw_platform_0/design_1_wrapper.mmi -data C:/DESL/Xilinx/SDK/2018.3/data/embeddedsw/lib/microblaze/mb_bootloop_le.elf -proc design_1_i/microblaze_0 -bit C:/Users/kimyou94/Feb_23_proj/client_proj/client_proj.sdk/design_1_wrapper_hw_platform_0/design_1_wrapper.bit -out C:/Users/kimyou94/Feb_23_proj/client_proj/client_proj.sdk/design_1_wrapper_hw_platform_0/download.bit -force
# Log file: C:/Users/kimyou94/Feb_23_proj/client_proj/updatemem.log
# Journal file: C:/Users/kimyou94/Feb_23_proj/client_proj\updatemem.jou
#-----------------------------------------------------------
source C:/DESL/Xilinx/SDK/2018.3/scripts/updatemem/main.tcl -notrace
